#Date        Time         gpu    pwr  gtemp  mtemp     sm    mem    enc    dec    jpg    ofa   mclk   pclk     fb   bar1   ccpm 
#YYYYMMDD    HH:MM:SS     Idx      W      C      C      %      %      %      %      %      %    MHz    MHz     MB     MB     MB 
 20260905    03:21:23       0     75     41     43      0      0      0      0      0      0   2619    345      0      1      0 
 20260905    03:21:23       1     72     37     40      0      0      0      0      0      0   2619    345      0      1      0 
 20260905    03:21:28       0     76     41     43      0      0      0      0      0      0   2619    345      0      1      0 
 20260905    03:21:28       1     72     37     40      0      0      0      0      0      0   2619    345      0      1      0 
 20260905    03:21:33       0     75     41     43      0      0      0      0      0      0   2619    345      4      5      0 
 20260905    03:21:33       1    124     39     40      0      0      0      0      0      0   2619   1980   8667   8668      0 
 20260905    03:21:38       0    127     43     44      0      0      0      0      0      0   2619   1980    527    528      0 
 20260905    03:21:38       1    500     47     49    100     51      0      0      0      0   2619   1965  11447  11448      0 
 20260905    03:21:43       0    127     43     43      0      0      0      0      0      0   2619   1980    527    528      0 
 20260905    03:21:43       1    136     41     43      0      0      0      0      0      0   2619   1980  11447  11448      0 
 20260905    03:21:48       0    135     43     43      0      0      0      0      0      0   2619   1980   9915   9916      0 
 20260905    03:21:48       1    226     44     46      0      0      0      0      0      0   2619   1980  11447  11448      0 
 20260905    03:21:53       0    264     45     45      0      0      0      0      0      0   2619   1980  14535  14536      0 
 20260905    03:21:53       1     74     41     44      0      0      0      0      0      0   2619    420      0      1      0 
 20260905    03:21:58       0    353     49     53     95     57      0      0      0      0   2619   1980  14539  14540      0 
 20260905    03:21:58       1     72     40     42      0      0      0      0      0      0   2619    345      0      1      0 
 20260905    03:22:03       0    237     48     51     86     75      0      0      0      0   2619   1980  14791  14792      0 
 20260905    03:22:03       1     73     39     43      0      0      0      0      0      0   2619    345      0      1      0 
 20260905    03:22:08       0    428     49     53    100     67      0      0      0      0   2619   1980  14791  14792      0 
 20260905    03:22:08       1     73     39     42      0      0      0      0      0      0   2619    345      0      1      0 
 20260905    03:22:13       0    333     49     53     93     55      0      0      0      0   2619   1980  14795  14796      0 
 20260905    03:22:13       1     73     38     42      0      0      0      0      0      0   2619    345      0      1      0 
 20260905    03:22:18       0    348     49     51     60     24      0      0      0      0   2619   1980  14795  14796      0 
 20260905    03:22:18       1     72     38     42      0      0      0      0      0      0   2619    345      0      1      0 
 20260905    03:22:23       0    357     49     52     91     54      0      0      0      0   2619   1980  14799  14800      0 
 20260905    03:22:23       1     72     38     42      0      0      0      0      0      0   2619    345      0      1      0 
 20260905    03:22:28       0    163     43     44      0      0      0      0      0      0   2619   1980  14799  14800      0 
 20260905    03:22:28       1     72     38     41      0      0      0      0      0      0   2619    345      0      1      0 
 20260905    03:22:33       0    389     49     53     93     56      0      0      0      0   2619   1980  14801  14802      0 
 20260905    03:22:33       1     72     38     40      0      0      0      0      0      0   2619    345      0      1      0 
 20260905    03:22:38       0    321     48     51     78     68      0      0      0      0   2619   1980  14809  14810      0 
 20260905    03:22:38       1     72     38     42      0      0      0      0      0      0   2619    345      0      1      0 
 20260905    03:22:43       0    357     50     52     49     27      0      0      0      0   2619   1980  14809  14810      0 
 20260905    03:22:43       1     72     38     40      0      0      0      0      0      0   2619    345      0      1      0 
 20260905    03:22:48       0    185     46     47      0      0      0      0      0      0   2619   1980  14811  14812      0 
 20260905    03:22:48       1     72     38     40      0      0      0      0      0      0   2619    345      0      1      0 
 20260905    03:22:53       0    387     52     55     91     54      0      0      0      0   2619   1980  14811  14812      0 
 20260905    03:22:53       1     72     37     41      0      0      0      0      0      0   2619    345      0      1      0 
 20260905    03:22:58       0    306     51     53     81     43      0      0      0      0   2619   1980  14815  14816      0 
 20260905    03:22:58       1     72     37     41      0      0      0      0      0      0   2619    345      0      1      0 
 20260905    03:23:03       0    311     50     51      0      0      0      0      0      0   2619   1980  14815  14816      0 
 20260905    03:23:03       1     72     37     40      0      0      0      0      0      0   2619    345      0      1      0 
 20260905    03:23:08       0    361     52     55     76     42      0      0      0      0   2619   1980  14815  14816      0 
 20260905    03:23:08       1     72     37     40      0      0      0      0      0      0   2619    345      0      1      0 
#Date        Time         gpu    pwr  gtemp  mtemp     sm    mem    enc    dec    jpg    ofa   mclk   pclk     fb   bar1   ccpm 
#YYYYMMDD    HH:MM:SS     Idx      W      C      C      %      %      %      %      %      %    MHz    MHz     MB     MB     MB 
 20260905    03:23:13       0    379     53     56     90     53      0      0      0      0   2619   1980  14817  14818      0 
 20260905    03:23:13       1     72     37     40      0      0      0      0      0      0   2619    345      0      1      0 
 20260905    03:23:18       0    357     54     55     85     47      0      0      0      0   2619   1980  14819  14820      0 
 20260905    03:23:18       1     72     37     41      0      0      0      0      0      0   2619    345      0      1      0 
 20260905    03:23:23       0    360     54     57     94     56      0      0      0      0   2619   1980  14819  14820      0 
 20260905    03:23:23       1     72     37     40      0      0      0      0      0      0   2619    345      0      1      0 
 20260905    03:23:28       0    361     54     56     83     46      0      0      0      0   2619   1980  14821  14822      0 
 20260905    03:23:28       1     72     37     40      0      0      0      0      0      0   2619    345      0      1      0 
 20260905    03:23:33       0    405     55     59    100     63      0      0      0      0   2619   1980  14821  14822      0 
 20260905    03:23:33       1     72     37     40      0      0      0      0      0      0   2619    345      0      1      0 
 20260905    03:23:38       0    388     56     59     93     55      0      0      0      0   2619   1980  14825  14826      0 
 20260905    03:23:38       1     72     37     40      0      0      0      0      0      0   2619    345      0      1      0 
 20260905    03:23:43       0    352     55     57     90     54      0      0      0      0   2619   1980  14825  14826      0 
 20260905    03:23:43       1     72     37     41      0      0      0      0      0      0   2619    345      0      1      0 
 20260905    03:23:48       0    370     54     56     73     36      0      0      0      0   2619   1980  14825  14826      0 
 20260905    03:23:48       1     72     37     40      0      0      0      0      0      0   2619    345      0      1      0 
 20260905    03:23:53       0    396     55     58     92     55      0      0      0      0   2619   1980  14825  14826      0 
 20260905    03:23:53       1     72     37     40      0      0      0      0      0      0   2619    345      0      1      0 
 20260905    03:23:58       0    300     54     57     81     44      0      0      0      0   2619   1980  14827  14828      0 
 20260905    03:23:58       1     72     37     40      0      0      0      0      0      0   2619    345      0      1      0 
 20260905    03:24:03       0    310     51     52      0      0      0      0      0      0   2619   1980  14829  14830      0 
 20260905    03:24:03       1     72     37     40      0      0      0      0      0      0   2619    345      0      1      0 
 20260905    03:24:08       0    382     57     61     84     64      0      0      0      0   2619   1980  14829  14830      0 
 20260905    03:24:08       1     72     37     40      0      0      0      0      0      0   2619    345      0      1      0 
 20260905    03:24:13       0    394     56     59     92     55      0      0      0      0   2619   1980  14831  14832      0 
 20260905    03:24:13       1     72     37     41      0      0      0      0      0      0   2619    345      0      1      0 
 20260905    03:24:18       0    366     57     60     74     47      0      0      0      0   2619   1980  14831  14832      0 
 20260905    03:24:18       1     72     37     41      0      0      0      0      0      0   2619    345      0      1      0 
 20260905    03:24:23       0    346     55     58     76     42      0      0      0      0   2619   1980  14831  14832      0 
 20260905    03:24:23       1     72     37     40      0      0      0      0      0      0   2619    345      0      1      0 
 20260905    03:24:28       0    258     54     55     59     26      0      0      0      0   2619   1980  14835  14836      0 
 20260905    03:24:28       1     72     37     40      0      0      0      0      0      0   2619    345      0      1      0 
 20260905    03:24:33       0    339     55     59     64     49      0      0      0      0   2619   1980  16049  16050      0 
 20260905    03:24:33       1     72     37     41      0      0      0      0      0      0   2619    345      0      1      0 
 20260905    03:24:38       0    374     56     59     75     41      0      0      0      0   2619   1980  16051  16052      0 
 20260905    03:24:38       1     72     37     40      0      0      0      0      0      0   2619    345      0      1      0 
 20260905    03:24:43       0    370     56     57     61     30      0      0      0      0   2619   1980  16051  16052      0 
 20260905    03:24:43       1     72     37     40      0      0      0      0      0      0   2619    345      0      1      0 
 20260905    03:24:48       0    374     54     56     79     43      0      0      0      0   2619   1980  16053  16054      0 
 20260905    03:24:48       1     72     37     40      0      0      0      0      0      0   2619    345      0      1      0 
 20260905    03:24:53       0    341     56     58     81     44      0      0      0      0   2619   1980  16053  16054      0 
 20260905    03:24:53       1     72     37     40      0      0      0      0      0      0   2619    345      0      1      0 
 20260905    03:24:58       0    323     56     59     42     34      0      0      0      0   2619   1980  16055  16056      0 
 20260905    03:24:58       1     72     37     40      0      0      0      0      0      0   2619    345      0      1      0 
#Date        Time         gpu    pwr  gtemp  mtemp     sm    mem    enc    dec    jpg    ofa   mclk   pclk     fb   bar1   ccpm 
#YYYYMMDD    HH:MM:SS     Idx      W      C      C      %      %      %      %      %      %    MHz    MHz     MB     MB     MB 
 20260905    03:25:03       0    336     55     57     73     36      0      0      0      0   2619   1980  16055  16056      0 
 20260905    03:25:03       1     72     37     40      0      0      0      0      0      0   2619    345      0      1      0 
 20260905    03:25:08       0    336     53     53     30     13      0      0      0      0   2619   1980  16055  16056      0 
 20260905    03:25:08       1     72     37     40      0      0      0      0      0      0   2619    345      0      1      0 
 20260905    03:25:13       0    332     55     55     56     22      0      0      0      0   2619   1980  16057  16058      0 
 20260905    03:25:13       1     72     37     40      0      0      0      0      0      0   2619    345      0      1      0 
 20260905    03:25:18       0    417     56     58     54     33      0      0      0      0   2619   1980  16057  16058      0 
 20260905    03:25:18       1     72     37     40      0      0      0      0      0      0   2619    345      0      1      0 
 20260905    03:25:23       0    428     58     62    100     67      0      0      0      0   2619   1980  16057  16058      0 
 20260905    03:25:23       1     72     37     40      0      0      0      0      0      0   2619    345      0      1      0 
 20260905    03:25:28       0    406     58     61    100     72      0      0      0      0   2619   1980  16057  16058      0 
 20260905    03:25:28       1     72     37     41      0      0      0      0      0      0   2619    345      0      1      0 
 20260905    03:25:33       0    443     57     61     99     63      0      0      0      0   2619   1980  16057  16058      0 
 20260905    03:25:33       1     72     37     40      0      0      0      0      0      0   2619    345      0      1      0 
 20260905    03:25:38       0    317     54     56     63     56      0      0      0      0   2619   1980  16061  16062      0 
 20260905    03:25:38       1     72     37     40      0      0      0      0      0      0   2619    345      0      1      0 
 20260905    03:25:43       0    333     53     53      0      0      0      0      0      0   2619   1980  16061  16062      0 
 20260905    03:25:43       1     72     37     40      0      0      0      0      0      0   2619    345      0      1      0 
 20260905    03:25:48       0    312     53     53     11      4      0      0      0      0   2619   1980  16061  16062      0 
 20260905    03:25:48       1     72     37     40      0      0      0      0      0      0   2619    345      0      1      0 
 20260905    03:25:53       0    389     57     60     91     54      0      0      0      0   2619   1980  16061  16062      0 
 20260905    03:25:53       1     72     37     40      0      0      0      0      0      0   2619    345      0      1      0 
 20260905    03:25:58       0    359     56     58     79     42      0      0      0      0   2619   1980  16063  16064      0 
 20260905    03:25:58       1     72     37     41      0      0      0      0      0      0   2619    345      0      1      0 
 20260905    03:26:03       0    357     56     58     88     67      0      0      0      0   2619   1980  16063  16064      0 
 20260905    03:26:03       1     72     37     40      0      0      0      0      0      0   2619    345      0      1      0 
 20260905    03:26:08       0    330     55     56     66     29      0      0      0      0   2619   1980  16063  16064      0 
 20260905    03:26:08       1     72     37     40      0      0      0      0      0      0   2619    345      0      1      0 
 20260905    03:26:13       0    331     54     56     60     26      0      0      0      0   2619   1980  16065  16066      0 
 20260905    03:26:13       1     72     37     40      0      0      0      0      0      0   2619    345      0      1      0 
 20260905    03:26:18       0    331     53     55     53     29      0      0      0      0   2619   1980  16065  16066      0 
 20260905    03:26:18       1     72     37     40      0      0      0      0      0      0   2619    345      0      1      0 
 20260905    03:26:23       0    340     56     58     82     44      0      0      0      0   2619   1980  16067  16068      0 
 20260905    03:26:23       1     72     37     41      0      0      0      0      0      0   2619    345      0      1      0 
 20260905    03:26:28       0    370     56     59    100     58      0      0      0      0   2619   1980  16067  16068      0 
 20260905    03:26:28       1     72     37     40      0      0      0      0      0      0   2619    345      0      1      0 
 20260905    03:26:33       0    399     55     57     93     56      0      0      0      0   2619   1980  16067  16068      0 
 20260905    03:26:33       1     72     37     40      0      0      0      0      0      0   2619    345      0      1      0 
 20260905    03:26:38       0    379     57     59    100     63      0      0      0      0   2619   1980  16067  16068      0 
 20260905    03:26:38       1     72     37     40      0      0      0      0      0      0   2619    345      0      1      0 
 20260905    03:26:43       0    362     55     56     32     16      0      0      0      0   2619   1980  16067  16068      0 
 20260905    03:26:43       1     72     37     40      0      0      0      0      0      0   2619    345      0      1      0 
 20260905    03:26:48       0    329     53     55     42     20      0      0      0      0   2619   1980  16067  16068      0 
 20260905    03:26:48       1     72     37     40      0      0      0      0      0      0   2619    345      0      1      0 
#Date        Time         gpu    pwr  gtemp  mtemp     sm    mem    enc    dec    jpg    ofa   mclk   pclk     fb   bar1   ccpm 
#YYYYMMDD    HH:MM:SS     Idx      W      C      C      %      %      %      %      %      %    MHz    MHz     MB     MB     MB 
 20260905    03:26:53       0    367     55     59    100     63      0      0      0      0   2619   1980  16071  16072      0 
 20260905    03:26:53       1     72     37     40      0      0      0      0      0      0   2619    345      0      1      0 
 20260905    03:26:58       0    407     55     57     59     36      0      0      0      0   2619   1980  16071  16072      0 
 20260905    03:26:58       1     72     37     41      0      0      0      0      0      0   2619    345      0      1      0 
 20260905    03:27:03       0    407     56     60     92     55      0      0      0      0   2619   1980  16071  16072      0 
 20260905    03:27:03       1     72     37     40      0      0      0      0      0      0   2619    345      0      1      0 
 20260905    03:27:08       0    312     55     56     34     16      0      0      0      0   2619   1980  16071  16072      0 
 20260905    03:27:08       1     72     37     40      0      0      0      0      0      0   2619    345      0      1      0 
 20260905    03:27:13       0    440     57     62    100     69      0      0      0      0   2619   1980  16073  16074      0 
 20260905    03:27:13       1     72     37     40      0      0      0      0      0      0   2619    345      0      1      0 
 20260905    03:27:18       0    136     50     50      0      0      0      0      0      0   2619   1980  16073  16074      0 
 20260905    03:27:18       1     72     37     40      0      0      0      0      0      0   2619    345      0      1      0 
 20260905    03:27:23       0     78     47     49      0      0      0      0      0      0   2619    345      0      1      0 
 20260905    03:27:23       1     72     37     40      0      0      0      0      0      0   2619    345      0      1      0 
 20260905    03:27:28       0     94     47     47     16      0      0      0      0      0   2619   1980   8551   8552      0 
 20260905    03:27:28       1     72     37     40      0      0      0      0      0      0   2619    345      0      1      0 
 20260905    03:27:33       0    131     47     47      0      0      0      0      0      0   2619   1980  16757  16758      0 
 20260905    03:27:33       1     72     37     40      0      0      0      0      0      0   2619    345      0      1      0 
 20260905    03:27:38       0    502     56     57     76     43      0      0      0      0   2619   1980  19949  19950      0 
 20260905    03:27:38       1     72     37     40      0      0      0      0      0      0   2619    345      0      1      0 
 20260905    03:27:43       0    185     49     49      0      0      0      0      0      0   2619   1980  19949  19950      0 
 20260905    03:27:43       1     72     37     41      0      0      0      0      0      0   2619    345      0      1      0 
 20260905    03:27:48       0    509     60     60    100     57      0      0      0      0   2619   1980  19949  19950      0 
 20260905    03:27:48       1     72     37     41      0      0      0      0      0      0   2619    345      0      1      0 
 20260905    03:27:53       0    135     49     49      0      0      0      0      0      0   2619   1980      0      1      0 
 20260905    03:27:53       1     72     37     40      0      0      0      0      0      0   2619    345      0      1      0 
 20260905    03:27:58       0     78     46     48      0      0      0      0      0      0   2619    345      0      1      0 
 20260905    03:27:58       1     72     37     40      0      0      0      0      0      0   2619    345      0      1      0 
 20260905    03:28:03       0     77     45     47      0      0      0      0      0      0   2619    345      1      1      0 
 20260905    03:28:03       1     72     37     40      0      0      0      0      0      0   2619    345      0      1      0 
 20260905    03:28:08       0     98     45     46     16      0      0      0      0      0   2619   1980   8551   8552      0 
 20260905    03:28:08       1     72     37     40      0      0      0      0      0      0   2619    345      4      5      0 
 20260905    03:28:13       0    128     45     46      0      0      0      0      0      0   2619   1980   9165   9166      0 
 20260905    03:28:13       1    124     39     40      0      0      0      0      0      0   2619   1980   8667   8668      0 
 20260905    03:28:18       0    155     45     46      0      0      0      0      0      0   2619   1980  10159  10160      0 
 20260905    03:28:18       1    128     39     42     21      4      0      0      0      0   2619   1980   9939   9940      0 
 20260905    03:28:23       0    135     45     46      0      0      0      0      0      0   2619   1980      0      1      0 
 20260905    03:28:23       1    150     40     43     25      5      0      0      0      0   2619   1980   9941   9942      0 
 20260905    03:28:28       0     76     43     45      0      0      0      0      0      0   2619    345      4      5      0 
 20260905    03:28:28       1    144     40     43     30      6      0      0      0      0   2619   1980   9947   9948      0 
 20260905    03:28:33       0    102     44     45      0      0      0      0      0      0   2619   1980    527    528      0 
 20260905    03:28:33       1    144     40     42      0      0      0      0      0      0   2619   1980   9953   9954      0 
 20260905    03:28:38       0    129     44     45      0      0      0      0      0      0   2619   1980    527    528      0 
 20260905    03:28:38       1    153     41     43     25      5      0      0      0      0   2619   1980   9957   9958      0 
#Date        Time         gpu    pwr  gtemp  mtemp     sm    mem    enc    dec    jpg    ofa   mclk   pclk     fb   bar1   ccpm 
#YYYYMMDD    HH:MM:SS     Idx      W      C      C      %      %      %      %      %      %    MHz    MHz     MB     MB     MB 
 20260905    03:28:43       0    130     44     45      0      0      0      0      0      0   2619   1980   8911   8912      0 
 20260905    03:28:43       1    152     41     42     28      5      0      0      0      0   2619   1980   9963   9964      0 
 20260905    03:28:48       0    381     51     55    100     63      0      0      0      0   2619   1980  15699  15700      0 
 20260905    03:28:48       1    164     41     44     44      9      0      0      0      0   2619   1980   9963   9964      0 
 20260905    03:28:53       0    413     53     57    100     66      0      0      0      0   2619   1980  15707  15708      0 
 20260905    03:28:53       1    173     41     44     45      9      0      0      0      0   2619   1980   9963   9964      0 
 20260905    03:28:58       0    361     52     55     91     54      0      0      0      0   2619   1980  15707  15708      0 
 20260905    03:28:58       1    172     41     44     45      9      0      0      0      0   2619   1980   9963   9964      0 
 20260905    03:29:03       0    357     51     53     30     13      0      0      0      0   2619   1980  15711  15712      0 
 20260905    03:29:03       1    143     41     44     25      5      0      0      0      0   2619   1980   9969   9970      0 
 20260905    03:29:08       0    324     54     56     82     49      0      0      0      0   2619   1980  15711  15712      0 
 20260905    03:29:08       1    151     41     44     25      5      0      0      0      0   2619   1980   9973   9974      0 
 20260905    03:29:13       0    293     50     51     12      5      0      0      0      0   2619   1980  15715  15716      0 
 20260905    03:29:13       1    165     42     44     44      9      0      0      0      0   2619   1980   9973   9974      0 
 20260905    03:29:18       0    381     55     59     98     63      0      0      0      0   2619   1980  15717  15718      0 
 20260905    03:29:18       1    167     42     44     45      9      0      0      0      0   2619   1980   9973   9974      0 
 20260905    03:29:23       0    349     54     57     77     44      0      0      0      0   2619   1980  15719  15720      0 
 20260905    03:29:23       1    165     42     44     43      9      0      0      0      0   2619   1980   9973   9974      0 
 20260905    03:29:28       0    318     53     54     67     32      0      0      0      0   2619   1980  15727  15728      0 
 20260905    03:29:28       1    171     42     44     44      9      0      0      0      0   2619   1980   9973   9974      0 
 20260905    03:29:33       0    342     53     54     38     16      0      0      0      0   2619   1980  15727  15728      0 
 20260905    03:29:33       1    172     42     45     44      9      0      0      0      0   2619   1980   9973   9974      0 
 20260905    03:29:38       0    411     55     60    100     67      0      0      0      0   2619   1980  15729  15730      0 
 20260905    03:29:38       1    171     42     44     44      9      0      0      0      0   2619   1980   9973   9974      0 
 20260905    03:29:43       0    370     55     56     74     36      0      0      0      0   2619   1980  15729  15730      0 
 20260905    03:29:43       1    167     42     44     44      8      0      0      0      0   2619   1980   9973   9974      0 
 20260905    03:29:48       0    320     54     56     69     33      0      0      0      0   2619   1980  15733  15734      0 
 20260905    03:29:48       1    170     42     44     45      9      0      0      0      0   2619   1980   9973   9974      0 
 20260905    03:29:53       0    360     53     55     34     15      0      0      0      0   2619   1980  15733  15734      0 
 20260905    03:29:53       1    173     42     44     44      9      0      0      0      0   2619   1980   9973   9974      0 
 20260905    03:29:58       0    245     50     51      4      0      0      0      0      0   2619   1980  15733  15734      0 
 20260905    03:29:58       1    180     42     45     44      9      0      0      0      0   2619   1980  10129  10130      0 
 20260905    03:30:03       0    401     55     58     87     51      0      0      0      0   2619   1980  15735  15736      0 
 20260905    03:30:03       1    176     42     44     45      9      0      0      0      0   2619   1980  10129  10130      0 
 20260905    03:30:08       0    357     54     56     78     46      0      0      0      0   2619   1980  15739  15740      0 
 20260905    03:30:08       1    172     42     44     45      9      0      0      0      0   2619   1980  10129  10130      0 
 20260905    03:30:13       0    376     56     59     82     44      0      0      0      0   2619   1980  15739  15740      0 
 20260905    03:30:13       1    172     42     45     44      8      0      0      0      0   2619   1980  10129  10130      0 
 20260905    03:30:18       0    364     54     55     61     27      0      0      0      0   2619   1980  15741  15742      0 
 20260905    03:30:18       1    172     42     44     45      9      0      0      0      0   2619   1980  10129  10130      0 
 20260905    03:30:23       0    344     55     57     78     42      0      0      0      0   2619   1980  15741  15742      0 
 20260905    03:30:23       1    181     42     44     43      9      0      0      0      0   2619   1980  10131  10132      0 
 20260905    03:30:28       0    339     56     59     97     63      0      0      0      0   2619   1980  15743  15744      0 
 20260905    03:30:28       1    173     42     44     45      9      0      0      0      0   2619   1980  10131  10132      0 
#Date        Time         gpu    pwr  gtemp  mtemp     sm    mem    enc    dec    jpg    ofa   mclk   pclk     fb   bar1   ccpm 
#YYYYMMDD    HH:MM:SS     Idx      W      C      C      %      %      %      %      %      %    MHz    MHz     MB     MB     MB 
 20260905    03:30:33       0    335     54     55     61     27      0      0      0      0   2619   1980  15745  15746      0 
 20260905    03:30:33       1    177     42     45     44      9      0      0      0      0   2619   1980  10131  10132      0 
 20260905    03:30:38       0    420     55     58     94     56      0      0      0      0   2619   1980  15745  15746      0 
 20260905    03:30:38       1    173     42     44     45      9      0      0      0      0   2619   1980  10131  10132      0 
 20260905    03:30:43       0    358     55     58     86     50      0      0      0      0   2619   1980  15745  15746      0 
 20260905    03:30:43       1    157     42     45     30      6      0      0      0      0   2619   1980  10131  10132      0 
 20260905    03:30:48       0    341     55     55     67     30      0      0      0      0   2619   1980  15747  15748      0 
 20260905    03:30:48       1    175     42     45     44      9      0      0      0      0   2619   1980  10133  10134      0 
 20260905    03:30:53       0    299     54     55     71     33      0      0      0      0   2619   1980  15749  15750      0 
 20260905    03:30:53       1    180     42     46     44      9      0      0      0      0   2619   1980  10133  10134      0 
 20260905    03:30:58       0    341     54     57     79     43      0      0      0      0   2619   1980  15749  15750      0 
 20260905    03:30:58       1    175     42     44     44      9      0      0      0      0   2619   1980  10133  10134      0 
 20260905    03:31:03       0    369     55     57     82     44      0      0      0      0   2619   1980  15749  15750      0 
 20260905    03:31:03       1    172     42     45     45      9      0      0      0      0   2619   1980  10133  10134      0 
 20260905    03:31:08       0    378     54     57     60     28      0      0      0      0   2619   1980  15751  15752      0 
 20260905    03:31:08       1    175     42     44     45      9      0      0      0      0   2619   1980  10133  10134      0 
 20260905    03:31:13       0    373     56     57     55     30      0      0      0      0   2619   1980  15751  15752      0 
 20260905    03:31:13       1    173     42     44     44      8      0      0      0      0   2619   1980  10133  10134      0 
 20260905    03:31:18       0    337     54     57     81     44      0      0      0      0   2619   1980  15751  15752      0 
 20260905    03:31:18       1    175     42     44     40      8      0      0      0      0   2619   1980  10133  10134      0 
 20260905    03:31:23       0    302     55     56     38     18      0      0      0      0   2619   1980  15753  15754      0 
 20260905    03:31:23       1    176     42     46     45      9      0      0      0      0   2619   1980  10133  10134      0 
 20260905    03:31:28       0    423     56     59     95     56      0      0      0      0   2619   1980  15755  15756      0 
 20260905    03:31:28       1    189     44     45     69     16      0      0      0      0   2619   1980  10133  10134      0 
 20260905    03:31:33       0    361     55     57     79     42      0      0      0      0   2619   1980  15755  15756      0 
 20260905    03:31:33       1    170     42     45     44      8      0      0      0      0   2619   1980  10133  10134      0 
 20260905    03:31:38       0    349     56     57     78     41      0      0      0      0   2619   1980  15755  15756      0 
 20260905    03:31:38       1    172     43     44     38      9      0      0      0      0   2619   1980  10133  10134      0 
 20260905    03:31:43       0    346     55     58     64     28      0      0      0      0   2619   1980  15757  15758      0 
 20260905    03:31:43       1    177     42     44     44      9      0      0      0      0   2619   1980  10133  10134      0 
 20260905    03:31:48       0    404     56     59     93     56      0      0      0      0   2619   1980  15759  15760      0 
 20260905    03:31:48       1    171     42     46     45      9      0      0      0      0   2619   1980  10133  10134      0 
 20260905    03:31:53       0    375     56     60     75     42      0      0      0      0   2619   1980  15759  15760      0 
 20260905    03:31:53       1    171     42     45     43      8      0      0      0      0   2619   1980  10133  10134      0 
 20260905    03:31:58       0    337     54     56     39     21      0      0      0      0   2619   1980  15759  15760      0 
 20260905    03:31:58       1    174     42     45     39      8      0      0      0      0   2619   1980  10133  10134      0 
 20260905    03:32:03       0    364     54     57      0      0      0      0      0      0   2619   1980  15761  15762      0 
 20260905    03:32:03       1    170     42     45     44      9      0      0      0      0   2619   1980  10133  10134      0 
 20260905    03:32:08       0    400     57     60     64     28      0      0      0      0   2619   1980  15761  15762      0 
 20260905    03:32:08       1    179     42     46     48     10      0      0      0      0   2619   1980  10133  10134      0 
 20260905    03:32:13       0    410     55     57     91     54      0      0      0      0   2619   1980  15763  15764      0 
 20260905    03:32:13       1    172     42     45     44      9      0      0      0      0   2619   1980  10133  10134      0 
 20260905    03:32:18       0    392     57     59     67     30      0      0      0      0   2619   1980  15767  15768      0 
 20260905    03:32:18       1    172     42     46     45      9      0      0      0      0   2619   1980  10133  10134      0 
#Date        Time         gpu    pwr  gtemp  mtemp     sm    mem    enc    dec    jpg    ofa   mclk   pclk     fb   bar1   ccpm 
#YYYYMMDD    HH:MM:SS     Idx      W      C      C      %      %      %      %      %      %    MHz    MHz     MB     MB     MB 
 20260905    03:32:23       0    411     55     59     91     54      0      0      0      0   2619   1980  15767  15768      0 
 20260905    03:32:23       1    172     42     46     45      9      0      0      0      0   2619   1980  10133  10134      0 
 20260905    03:32:28       0    314     55     57     81     44      0      0      0      0   2619   1980  15767  15768      0 
 20260905    03:32:28       1    171     42     44     38      8      0      0      0      0   2619   1980  10133  10134      0 
 20260905    03:32:33       0    284     51     52     54     21      0      0      0      0   2619   1980  15771  15772      0 
 20260905    03:32:33       1    174     42     45     44      9      0      0      0      0   2619   1980  10133  10134      0 
 20260905    03:32:38       0    401     56     60     95     57      0      0      0      0   2619   1980  15771  15772      0 
 20260905    03:32:38       1    162     42     45     44      9      0      0      0      0   2619   1980  10133  10134      0 
 20260905    03:32:43       0    344     54     56     63     27      0      0      0      0   2619   1980  15771  15772      0 
 20260905    03:32:43       1    169     42     44     44      9      0      0      0      0   2619   1980  10133  10134      0 
 20260905    03:32:48       0    349     54     57     82     45      0      0      0      0   2619   1980  15773  15774      0 
 20260905    03:32:48       1    173     42     44     44      9      0      0      0      0   2619   1980  10133  10134      0 
 20260905    03:32:53       0    361     56     59     91     54      0      0      0      0   2619   1980  15773  15774      0 
 20260905    03:32:53       1    169     42     45     44      9      0      0      0      0   2619   1980  10135  10136      0 
 20260905    03:32:58       0    288     54     56     91     48      0      0      0      0   2619   1980  15773  15774      0 
 20260905    03:32:58       1    172     42     44     44      9      0      0      0      0   2619   1980  10135  10136      0 
 20260905    03:33:03       0    373     56     59     94     55      0      0      0      0   2619   1980  15773  15774      0 
 20260905    03:33:03       1    165     42     44     44      9      0      0      0      0   2619   1980  10135  10136      0 
 20260905    03:33:08       0    346     55     57     54     20      0      0      0      0   2619   1980  15775  15776      0 
 20260905    03:33:08       1    191     42     45     39      8      0      0      0      0   2619   1980  10215  10216      0 
 20260905    03:33:13       0    377     55     58     81     44      0      0      0      0   2619   1980  15777  15778      0 
 20260905    03:33:13       1    182     42     45     44      9      0      0      0      0   2619   1980  10215  10216      0 
 20260905    03:33:19       0    367     55     58     94     53      0      0      0      0   2619   1980  15777  15778      0 
 20260905    03:33:19       1    169     42     45     44      9      0      0      0      0   2619   1980  10215  10216      0 
 20260905    03:33:24       0    353     57     61     67     30      0      0      0      0   2619   1980  15777  15778      0 
 20260905    03:33:24       1    191     42     46     44      9      0      0      0      0   2619   1980  10215  10216      0 
 20260905    03:33:29       0    412     57     61    100     64      0      0      0      0   2619   1980  15779  15780      0 
 20260905    03:33:29       1    172     42     45     45      9      0      0      0      0   2619   1980  10215  10216      0 
 20260905    03:33:34       0    356     55     57     79     42      0      0      0      0   2619   1980  15781  15782      0 
 20260905    03:33:34       1    173     42     46     45      9      0      0      0      0   2619   1980  10215  10216      0 
 20260905    03:33:39       0    366     57     60     74     68      0      0      0      0   2619   1980  15781  15782      0 
 20260905    03:33:39       1    173     42     46     45      9      0      0      0      0   2619   1980  10215  10216      0 
 20260905    03:33:44       0    394     57     59     90     53      0      0      0      0   2619   1980  15781  15782      0 
 20260905    03:33:44       1    161     42     45     25      5      0      0      0      0   2619   1980  10215  10216      0 
 20260905    03:33:49       0    381     57     61     83     72      0      0      0      0   2619   1980  15781  15782      0 
 20260905    03:33:49       1    172     42     44     40      8      0      0      0      0   2619   1980  10217  10218      0 
 20260905    03:33:54       0    350     57     59     79     68      0      0      0      0   2619   1980  15781  15782      0 
 20260905    03:33:54       1    176     42     46     44      9      0      0      0      0   2619   1980  10217  10218      0 
 20260905    03:33:59       0    360     56     56     63     28      0      0      0      0   2619   1980  15783  15784      0 
 20260905    03:33:59       1    171     42     44     41      8      0      0      0      0   2619   1980  10217  10218      0 
 20260905    03:34:04       0    362     57     60     91     54      0      0      0      0   2619   1980  15783  15784      0 
 20260905    03:34:04       1    169     42     44     40      8      0      0      0      0   2619   1980  10217  10218      0 
 20260905    03:34:09       0    136     51     52      0      0      0      0      0      0   2619   1980  15785  15786      0 
 20260905    03:34:09       1    172     42     44     45      9      0      0      0      0   2619   1980  10217  10218      0 
#Date        Time         gpu    pwr  gtemp  mtemp     sm    mem    enc    dec    jpg    ofa   mclk   pclk     fb   bar1   ccpm 
#YYYYMMDD    HH:MM:SS     Idx      W      C      C      %      %      %      %      %      %    MHz    MHz     MB     MB     MB 
 20260905    03:34:14       0     79     48     50      0      0      0      0      0      0   2619    345      0      1      0 
 20260905    03:34:14       1    153     42     44     45      9      0      0      0      0   2619   1980  10217  10218      0 
 20260905    03:34:19       0     78     47     49      0      0      0      0      0      0   2619    345      0      1      0 
 20260905    03:34:19       1    174     42     44     45      9      0      0      0      0   2619   1980  10217  10218      0 
 20260905    03:34:24       0    133     48     48     11      0      0      0      0      0   2619   1980  16673  16674      0 
 20260905    03:34:24       1    174     42     45     45      9      0      0      0      0   2619   1980  10217  10218      0 
 20260905    03:34:29       0    145     50     51      0      0      0      0      0      0   2619   1980  18433  18434      0 
 20260905    03:34:29       1    178     42     46     45      9      0      0      0      0   2619   1980  10217  10218      0 
 20260905    03:34:34       0    497     58     59    100     57      0      0      0      0   2619   1980  19949  19950      0 
 20260905    03:34:34       1    171     42     44     45      9      0      0      0      0   2619   1980  10217  10218      0 
 20260905    03:34:39       0    511     59     60     88     49      0      0      0      0   2619   1980  19949  19950      0 
 20260905    03:34:39       1    170     42     44     43      9      0      0      0      0   2619   1980  10217  10218      0 
 20260905    03:34:44       0    134     51     51      0      0      0      0      0      0   2619   1980  19949  19950      0 
 20260905    03:34:44       1    174     42     44     45      9      0      0      0      0   2619   1980  10217  10218      0 
 20260905    03:34:49       0     79     48     49      0      0      0      0      0      0   2619    375      0      1      0 
 20260905    03:34:49       1    175     42     45     45      9      0      0      0      0   2619   1980  10217  10218      0 
 20260905    03:34:54       0     78     47     48      0      0      0      0      0      0   2619    345      0      1      0 
 20260905    03:34:54       1    154     42     44     25      5      0      0      0      0   2619   1980  10221  10222      0 
 20260905    03:34:59       0     77     46     48      0      0      0      0      0      0   2619    345      0      1      0 
 20260905    03:34:59       1    156     42     44     30      6      0      0      0      0   2619   1980  10227  10228      0 
 20260905    03:35:04       0     77     45     47      0      0      0      0      0      0   2619    345      0      1      0 
 20260905    03:35:04       1    191     42     45     45      9      0      0      0      0   2619   1980  10233  10234      0 
 20260905    03:35:09       0     77     45     46      0      0      0      0      0      0   2619    345      0      1      0 
 20260905    03:35:09       1    174     42     45     43      9      0      0      0      0   2619   1980  10233  10234      0 
 20260905    03:35:14       0     77     44     46      0      0      0      0      0      0   2619    345      0      1      0 
 20260905    03:35:14       1    171     42     45     42      8      0      0      0      0   2619   1980  10233  10234      0 
 20260905    03:35:19       0     76     44     45      0      0      0      0      0      0   2619    345      0      1      0 
 20260905    03:35:19       1    127     41     44      0      0      0      0      0      0   2619    645      0      1      0 
 20260905    03:35:24       0     76     44     46      0      0      0      0      0      0   2619    345      0      1      0 
 20260905    03:35:24       1     72     39     42      0      0      0      0      0      0   2619    345      4      5      0 
 20260905    03:35:29       0    129     45     45      9      0      0      0      0      0   2619   1980   8561   8562      0 
 20260905    03:35:29       1     73     39     42      0      0      0      0      0      0   2619    345      4      5      0 
 20260905    03:35:34       0    129     45     45      0      0      0      0      0      0   2619   1980   9165   9166      0 
 20260905    03:35:34       1    125     40     42      0      0      0      0      0      0   2619   1980   8721   8722      0 
 20260905    03:35:39       0    190     47     47     42     14      0      0      0      0   2619   1980  10159  10160      0 
 20260905    03:35:39       1    154     41     44     28      5      0      0      0      0   2619   1980   9941   9942      0 
 20260905    03:35:44       0    130     45     45      0      0      0      0      0      0   2619   1980  10159  10160      0 
 20260905    03:35:44       1    155     41     44     30      6      0      0      0      0   2619   1980   9947   9948      0 
 20260905    03:35:49       0     89     44     46      0      0      0      0      0      0   2619    435      0      1      0 
 20260905    03:35:49       1    157     41     44     25      5      0      0      0      0   2619   1980   9953   9954      0 
 20260905    03:35:54       0     76     44     45      0      0      0      0      0      0   2619    345      4      5      0 
 20260905    03:35:54       1    161     41     44     25      5      0      0      0      0   2619   1980   9959   9960      0 
 20260905    03:35:59       0    119     45     45      0      0      0      0      0      0   2619   1980    527    528      0 
 20260905    03:35:59       1    143     41     43      8      2      0      0      0      0   2619   1980   9963   9964      0 
#Date        Time         gpu    pwr  gtemp  mtemp     sm    mem    enc    dec    jpg    ofa   mclk   pclk     fb   bar1   ccpm 
#YYYYMMDD    HH:MM:SS     Idx      W      C      C      %      %      %      %      %      %    MHz    MHz     MB     MB     MB 
 20260905    03:36:04       0    130     45     45      0      0      0      0      0      0   2619   1980    527    528      0 
 20260905    03:36:04       1    169     42     44     44      9      0      0      0      0   2619   1980   9967   9968      0 
 20260905    03:36:09       0    130     45     45      0      0      0      0      0      0   2619   1980    527    528      0 
 20260905    03:36:09       1    173     42     45     45      9      0      0      0      0   2619   1980   9967   9968      0 
 20260905    03:36:14       0    246     47     47     73     68      0      0      0      0   2619   1980  14339  14340      0 
 20260905    03:36:14       1    173     42     45     45      9      0      0      0      0   2619   1980   9967   9968      0 
 20260905    03:36:19       0    328     53     56     69     40      0      0      0      0   2619   1980  14807  14808      0 
 20260905    03:36:19       1    156     42     44     33      7      0      0      0      0   2619   1980   9969   9970      0 
 20260905    03:36:24       0    437     55     59    100     63      0      0      0      0   2619   1980  14809  14810      0 
 20260905    03:36:24       1    171     42     45     44      9      0      0      0      0   2619   1980   9973   9974      0 
 20260905    03:36:29       0    393     55     59     90     54      0      0      0      0   2619   1980  14813  14814      0 
 20260905    03:36:29       1    172     42     44     44      9      0      0      0      0   2619   1980   9973   9974      0 
 20260905    03:36:34       0    369     54     56     51     28      0      0      0      0   2619   1980  14813  14814      0 
 20260905    03:36:34       1    173     42     44     44      9      0      0      0      0   2619   1980   9973   9974      0 
 20260905    03:36:39       0    390     57     59     95     57      0      0      0      0   2619   1980  14813  14814      0 
 20260905    03:36:39       1    164     42     45     25      5      0      0      0      0   2619   1980   9975   9976      0 
 20260905    03:36:44       0    395     57     58     83     44      0      0      0      0   2619   1980  14817  14818      0 
 20260905    03:36:44       1    171     42     44     44      9      0      0      0      0   2619   1980   9975   9976      0 
 20260905    03:36:49       0    412     57     60     52     43      0      0      0      0   2619   1980  14817  14818      0 
 20260905    03:36:49       1    173     42     44     44      9      0      0      0      0   2619   1980   9975   9976      0 
 20260905    03:36:54       0    424     58     62    100     70      0      0      0      0   2619   1980  14817  14818      0 
 20260905    03:36:54       1    173     42     44     44      9      0      0      0      0   2619   1980   9975   9976      0 
 20260905    03:36:59       0    351     56     59     56     51      0      0      0      0   2619   1980  14823  14824      0 
 20260905    03:36:59       1    171     42     45     45      9      0      0      0      0   2619   1980   9975   9976      0 
 20260905    03:37:04       0    394     58     60     53     29      0      0      0      0   2619   1980  14825  14826      0 
 20260905    03:37:04       1    174     42     45     45      9      0      0      0      0   2619   1980   9975   9976      0 
 20260905    03:37:09       0    426     60     64     88     76      0      0      0      0   2619   1980  14827  14828      0 
 20260905    03:37:09       1    173     42     46     44      9      0      0      0      0   2619   1980  10127  10128      0 
 20260905    03:37:14       0    425     59     63    100     64      0      0      0      0   2619   1980  14827  14828      0 
 20260905    03:37:14       1    173     42     46     44      9      0      0      0      0   2619   1980  10127  10128      0 
 20260905    03:37:19       0    374     57     60     50     44      0      0      0      0   2619   1980  14831  14832      0 
 20260905    03:37:19       1    172     42     46     44      9      0      0      0      0   2619   1980  10127  10128      0 
 20260905    03:37:24       0    420     59     61     72     38      0      0      0      0   2619   1980  14831  14832      0 
 20260905    03:37:24       1    173     42     45     45      9      0      0      0      0   2619   1980  10127  10128      0 
 20260905    03:37:29       0    365     58     61    100     63      0      0      0      0   2619   1980  14831  14832      0 
 20260905    03:37:29       1    173     42     46     44      9      0      0      0      0   2619   1980  10127  10128      0 
 20260905    03:37:34       0    461     60     65    100     74      0      0      0      0   2619   1980  14831  14832      0 
 20260905    03:37:34       1    172     42     46     45      9      0      0      0      0   2619   1980  10127  10128      0 
 20260905    03:37:39       0    410     59     63     90     57      0      0      0      0   2619   1980  14835  14836      0 
 20260905    03:37:39       1    189     43     46     44      9      0      0      0      0   2619   1980  10127  10128      0 
 20260905    03:37:44       0    444     59     64    100     67      0      0      0      0   2619   1980  14835  14836      0 
 20260905    03:37:44       1    172     42     46     43      9      0      0      0      0   2619   1980  10127  10128      0 
 20260905    03:37:49       0    380     58     61     59     34      0      0      0      0   2619   1980  14837  14838      0 
 20260905    03:37:49       1    174     42     46     44      9      0      0      0      0   2619   1980  10127  10128      0 
#Date        Time         gpu    pwr  gtemp  mtemp     sm    mem    enc    dec    jpg    ofa   mclk   pclk     fb   bar1   ccpm 
#YYYYMMDD    HH:MM:SS     Idx      W      C      C      %      %      %      %      %      %    MHz    MHz     MB     MB     MB 
 20260905    03:37:54       0    426     58     60     72     35      0      0      0      0   2619   1980  14837  14838      0 
 20260905    03:37:54       1    174     43     45     44      9      0      0      0      0   2619   1980  10129  10130      0 
 20260905    03:37:59       0    426     59     64    100     65      0      0      0      0   2619   1980  14837  14838      0 
 20260905    03:37:59       1    173     43     46     44      9      0      0      0      0   2619   1980  10129  10130      0 
 20260905    03:38:04       0    174     54     54      5      0      0      0      0      0   2619   1980  14839  14840      0 
 20260905    03:38:04       1    190     44     46     32      8      0      0      0      0   2619   1980  10129  10130      0 
 20260905    03:38:09       0    382     58     61     87     76      0      0      0      0   2619   1980  14841  14842      0 
 20260905    03:38:09       1    174     43     46     44      9      0      0      0      0   2619   1980  10129  10130      0 
 20260905    03:38:14       0    439     59     63    100     65      0      0      0      0   2619   1980  14841  14842      0 
 20260905    03:38:14       1    173     43     46     44      9      0      0      0      0   2619   1980  10129  10130      0 
 20260905    03:38:19       0    409     60     63    100     68      0      0      0      0   2619   1980  14843  14844      0 
 20260905    03:38:19       1    174     43     46     44      9      0      0      0      0   2619   1980  10129  10130      0 
 20260905    03:38:24       0    407     59     61     83     44      0      0      0      0   2619   1980  14845  14846      0 
 20260905    03:38:24       1    191     44     47     31      8      0      0      0      0   2619   1980  10129  10130      0 
 20260905    03:38:29       0    414     59     61     57     34      0      0      0      0   2619   1980  14845  14846      0 
 20260905    03:38:29       1    174     43     46     44      9      0      0      0      0   2619   1980  10129  10130      0 
 20260905    03:38:34       0    427     59     63     97     59      0      0      0      0   2619   1980  14845  14846      0 
 20260905    03:38:34       1    176     43     46     45      9      0      0      0      0   2619   1980  10129  10130      0 
 20260905    03:38:39       0    253     54     55      3      0      0      0      0      0   2619   1980  14847  14848      0 
 20260905    03:38:39       1    173     43     46     44      9      0      0      0      0   2619   1980  10129  10130      0 
 20260905    03:38:44       0    376     57     58      8      4      0      0      0      0   2619   1980  14847  14848      0 
 20260905    03:38:44       1    174     43     46     44      9      0      0      0      0   2619   1980  10129  10130      0 
 20260905    03:38:49       0    464     60     65    100     64      0      0      0      0   2619   1980  14847  14848      0 
 20260905    03:38:49       1    172     43     46     44      8      0      0      0      0   2619   1980  10129  10130      0 
 20260905    03:38:54       0    374     59     63     87     48      0      0      0      0   2619   1980  14847  14848      0 
 20260905    03:38:54       1    174     43     46     44      9      0      0      0      0   2619   1980  10129  10130      0 
 20260905    03:38:59       0    436     60     63     83     63      0      0      0      0   2619   1980  14851  14852      0 
 20260905    03:38:59       1    173     43     46     44      9      0      0      0      0   2619   1980  10129  10130      0 
 20260905    03:39:04       0    422     60     61     84     45      0      0      0      0   2619   1980  14851  14852      0 
 20260905    03:39:04       1    175     43     46     45      9      0      0      0      0   2619   1980  10129  10130      0 
 20260905    03:39:09       0    384     59     61     82     45      0      0      0      0   2619   1980  14851  14852      0 
 20260905    03:39:09       1    173     43     46     44      9      0      0      0      0   2619   1980  10129  10130      0 
 20260905    03:39:14       0    240     54     55      5      0      0      0      0      0   2619   1980  14853  14854      0 
 20260905    03:39:14       1    173     43     46     44      9      0      0      0      0   2619   1980  10129  10130      0 
 20260905    03:39:19       0    424     59     61     99     58      0      0      0      0   2619   1980  14853  14854      0 
 20260905    03:39:19       1    172     43     46     44      9      0      0      0      0   2619   1980  10131  10132      0 
 20260905    03:39:24       0    433     61     63    100     61      0      0      0      0   2619   1980  14855  14856      0 
 20260905    03:39:24       1    174     43     46     44      9      0      0      0      0   2619   1980  10131  10132      0 
 20260905    03:39:29       0    428     58     61     80     42      0      0      0      0   2619   1980  14857  14858      0 
 20260905    03:39:29       1    173     43     46     44      9      0      0      0      0   2619   1980  10131  10132      0 
 20260905    03:39:34       0    369     60     63    100     65      0      0      0      0   2619   1980  14857  14858      0 
 20260905    03:39:34       1    173     43     46     44      9      0      0      0      0   2619   1980  10131  10132      0 
 20260905    03:39:39       0    407     60     61     91     50      0      0      0      0   2619   1980  14857  14858      0 
 20260905    03:39:39       1    176     43     45     44      9      0      0      0      0   2619   1980  10211  10212      0 
#Date        Time         gpu    pwr  gtemp  mtemp     sm    mem    enc    dec    jpg    ofa   mclk   pclk     fb   bar1   ccpm 
#YYYYMMDD    HH:MM:SS     Idx      W      C      C      %      %      %      %      %      %    MHz    MHz     MB     MB     MB 
 20260905    03:39:44       0    460     60     66    100     74      0      0      0      0   2619   1980  16075  16076      0 
 20260905    03:39:44       1    175     43     46     45      9      0      0      0      0   2619   1980  10211  10212      0 
 20260905    03:39:49       0    438     60     65    100     63      0      0      0      0   2619   1980  16075  16076      0 
 20260905    03:39:49       1    174     43     46     44      9      0      0      0      0   2619   1980  10211  10212      0 
 20260905    03:39:54       0    403     60     63     98     60      0      0      0      0   2619   1980  16075  16076      0 
 20260905    03:39:54       1    175     43     46     45      9      0      0      0      0   2619   1980  10211  10212      0 
 20260905    03:39:59       0    402     58     60     74     46      0      0      0      0   2619   1980  16077  16078      0 
 20260905    03:39:59       1    172     43     46     44      8      0      0      0      0   2619   1980  10211  10212      0 
 20260905    03:40:04       0    344     58     60     80     43      0      0      0      0   2619   1980  16077  16078      0 
 20260905    03:40:04       1    173     43     46     44      9      0      0      0      0   2619   1980  10211  10212      0 
 20260905    03:40:09       0    466     60     65    100     64      0      0      0      0   2619   1980  16079  16080      0 
 20260905    03:40:09       1    176     43     46     45      9      0      0      0      0   2619   1980  10211  10212      0 
 20260905    03:40:14       0    421     61     65    100     67      0      0      0      0   2619   1980  16079  16080      0 
 20260905    03:40:14       1    176     43     46     45      9      0      0      0      0   2619   1980  10211  10212      0 
 20260905    03:40:19       0    412     60     62     71     52      0      0      0      0   2619   1980  16079  16080      0 
 20260905    03:40:19       1    155     42     44     26      5      0      0      0      0   2619   1980  10217  10218      0 
 20260905    03:40:24       0    439     61     65    100     61      0      0      0      0   2619   1980  16081  16082      0 
 20260905    03:40:24       1    173     43     46     44      9      0      0      0      0   2619   1980  10217  10218      0 
 20260905    03:40:29       0    399     59     63    100     63      0      0      0      0   2619   1980  16081  16082      0 
 20260905    03:40:29       1    174     43     46     45      9      0      0      0      0   2619   1980  10217  10218      0 
 20260905    03:40:34       0    411     59     63     49     35      0      0      0      0   2619   1980  16081  16082      0 
 20260905    03:40:34       1    173     43     46     43      9      0      0      0      0   2619   1980  10217  10218      0 
 20260905    03:40:39       0    365     58     61     82     44      0      0      0      0   2619   1980  16081  16082      0 
 20260905    03:40:39       1    173     43     46     44      9      0      0      0      0   2619   1980  10217  10218      0 
 20260905    03:40:44       0    425     61     65     94     62      0      0      0      0   2619   1980  16083  16084      0 
 20260905    03:40:44       1    178     43     45     45      9      0      0      0      0   2619   1980  10217  10218      0 
 20260905    03:40:49       0    383     55     57      0      0      0      0      0      0   2619   1980  16083  16084      0 
 20260905    03:40:49       1    174     43     46     45      9      0      0      0      0   2619   1980  10217  10218      0 
 20260905    03:40:54       0    383     60     63     96     59      0      0      0      0   2619   1980  16085  16086      0 
 20260905    03:40:54       1    175     43     46     45      9      0      0      0      0   2619   1980  10217  10218      0 
 20260905    03:40:59       0    415     60     63     99     65      0      0      0      0   2619   1980  16085  16086      0 
 20260905    03:40:59       1    175     43     46     45      9      0      0      0      0   2619   1980  10217  10218      0 
 20260905    03:41:04       0    407     59     60     47     24      0      0      0      0   2619   1980  16085  16086      0 
 20260905    03:41:04       1    176     43     46     45      9      0      0      0      0   2619   1980  10217  10218      0 
 20260905    03:41:09       0    441     60     64    100     69      0      0      0      0   2619   1980  16085  16086      0 
 20260905    03:41:09       1    173     43     46     45      9      0      0      0      0   2619   1980  10217  10218      0 
 20260905    03:41:14       0    457     60     65    100     63      0      0      0      0   2619   1980  16087  16088      0 
 20260905    03:41:14       1    176     43     46     45      9      0      0      0      0   2619   1980  10217  10218      0 
 20260905    03:41:19       0    428     60     64     98     57      0      0      0      0   2619   1980  16087  16088      0 
 20260905    03:41:19       1    179     43     46     45     10      0      0      0      0   2619   1980  10217  10218      0 
 20260905    03:41:24       0    422     60     64    100     59      0      0      0      0   2619   1980  16087  16088      0 
 20260905    03:41:24       1    156     42     45     30      6      0      0      0      0   2619   1980  10223  10224      0 
 20260905    03:41:29       0    367     60     63    100     60      0      0      0      0   2619   1980  16087  16088      0 
 20260905    03:41:29       1    160     42     44     25      5      0      0      0      0   2619   1980  10229  10230      0 
#Date        Time         gpu    pwr  gtemp  mtemp     sm    mem    enc    dec    jpg    ofa   mclk   pclk     fb   bar1   ccpm 
#YYYYMMDD    HH:MM:SS     Idx      W      C      C      %      %      %      %      %      %    MHz    MHz     MB     MB     MB 
 20260905    03:41:34       0    397     56     57      0      0      0      0      0      0   2619   1980  16087  16088      0 
 20260905    03:41:34       1    171     43     46     44      9      0      0      0      0   2619   1980  10233  10234      0 
 20260905    03:41:39       0    139     53     54      0      0      0      0      0      0   2619   1980  16087  16088      0 
 20260905    03:41:39       1    175     43     46     45      9      0      0      0      0   2619   1980  10233  10234      0 
 20260905    03:41:44       0     79     50     52      0      0      0      0      0      0   2619    345      0      1      0 
 20260905    03:41:44       1    175     42     45     45      9      0      0      0      0   2619   1980  10233  10234      0 
 20260905    03:41:49       0     78     48     50      0      0      0      0      0      0   2619    345      4      5      0 
 20260905    03:41:49       1     73     40     44      0      0      0      0      0      0   2619    360      0      1      0 
 20260905    03:41:54       0    133     48     49      0      0      0      0      0      0   2619   1980  16695  16696      0 
 20260905    03:41:54       1     73     40     42      0      0      0      0      0      0   2619    345      0      1      0 
 20260905    03:41:59       0    132     47     48      0      0      0      0      0      0   2619   1980  17187  17188      0 
 20260905    03:41:59       1     73     39     42      0      0      0      0      0      0   2619    345      0      1      0 
 20260905    03:42:04       0    501     57     59    100     57      0      0      0      0   2619   1980  19949  19950      0 
 20260905    03:42:04       1     72     39     43      0      0      0      0      0      0   2619    345      0      1      0 
 20260905    03:42:09       0    132     49     49      0      0      0      0      0      0   2619   1980  19949  19950      0 
 20260905    03:42:09       1     72     39     42      0      0      0      0      0      0   2619    345      0      1      0 
 20260905    03:42:14       0    132     48     48      0      0      0      0      0      0   2619   1980  19949  19950      0 
 20260905    03:42:14       1     72     39     42      0      0      0      0      0      0   2619    345      0      1      0 
 20260905    03:42:19       0    505     58     59    100     57      0      0      0      0   2619   1980  19949  19950      0 
 20260905    03:42:19       1     72     38     42      0      0      0      0      0      0   2619    345      0      1      0 
 20260905    03:42:24       0    131     49     49      0      0      0      0      0      0   2619   1980  19949  19950      0 
 20260905    03:42:24       1     72     38     42      0      0      0      0      0      0   2619    345      0      1      0 
 20260905    03:42:29       0    128     47     48      0      0      0      0      0      0   2619    795      0      1      0 
 20260905    03:42:29       1     72     38     42      0      0      0      0      0      0   2619    345      0      1      0 
 20260905    03:42:34       0     77     45     47      0      0      0      0      0      0   2619    345      0      1      0 
 20260905    03:42:34       1     72     38     42      0      0      0      0      0      0   2619    345      0      1      0 
 20260905    03:42:39       0     77     45     47      0      0      0      0      0      0   2619    345      0      1      0 
 20260905    03:42:39       1     72     38     42      0      0      0      0      0      0   2619    345      0      1      0 
 20260905    03:42:44       0     76     44     46      0      0      0      0      0      0   2619    345      0      1      0 
 20260905    03:42:44       1     72     38     42      0      0      0      0      0      0   2619    345      0      1      0 
 20260905    03:42:49       0     77     44     45      0      0      0      0      0      0   2619    345      0      1      0 
 20260905    03:42:49       1     72     38     42      0      0      0      0      0      0   2619    345      0      1      0 
 20260905    03:42:54       0     76     44     45      0      0      0      0      0      0   2619    345      0      1      0 
 20260905    03:42:54       1     72     38     41      0      0      0      0      0      0   2619    345      0      1      0 
 20260905    03:42:59       0     76     43     45      0      0      0      0      0      0   2619    345      0      1      0 
 20260905    03:42:59       1     72     38     42      0      0      0      0      0      0   2619    345      4      5      0 
 20260905    03:43:04       0    128     45     45      0      0      0      0      0      0   2619   1980   8707   8708      0 
 20260905    03:43:04       1    108     39     40      7      0      0      0      0      0   2619   1980   8549   8550      0 
 20260905    03:43:09       0    128     45     45      0      0      0      0      0      0   2619   1980   9165   9166      0 
 20260905    03:43:09       1    125     40     42      1      0      0      0      0      0   2619   1980   9263   9264      0 
 20260905    03:43:14       0    162     46     46     32     10      0      0      0      0   2619   1980  10159  10160      0 
 20260905    03:43:14       1    152     40     42     27      5      0      0      0      0   2619   1980   9945   9946      0 
 20260905    03:43:19       0    130     45     45      0      0      0      0      0      0   2619   1980  10159  10160      0 
 20260905    03:43:19       1    153     41     44     31      6      0      0      0      0   2619   1980   9951   9952      0 
#Date        Time         gpu    pwr  gtemp  mtemp     sm    mem    enc    dec    jpg    ofa   mclk   pclk     fb   bar1   ccpm 
#YYYYMMDD    HH:MM:SS     Idx      W      C      C      %      %      %      %      %      %    MHz    MHz     MB     MB     MB 
 20260905    03:43:24       0    134     45     46      0      0      0      0      0      0   2619   1980      0      1      0 
 20260905    03:43:24       1    151     41     44     28      5      0      0      0      0   2619   1980   9957   9958      0 
 20260905    03:43:29       0     77     43     45      0      0      0      0      0      0   2619    345      0      1      0 
 20260905    03:43:29       1    153     41     44     30      6      0      0      0      0   2619   1980   9961   9962      0 
 20260905    03:43:34       0    377     51     52    100     51      0      0      0      0   2619   1980  29403  29404      0 
 20260905    03:43:34       1    177     41     45     44      9      0      0      0      0   2619   1980   9965   9966      0 
 20260905    03:43:39       0    402     54     54     81     42      0      0      0      0   2619   1980  29405  29406      0 
 20260905    03:43:39       1    173     42     44     45      9      0      0      0      0   2619   1980   9965   9966      0 
 20260905    03:43:44       0    439     55     56     51     27      0      0      0      0   2619   1980  29407  29408      0 
 20260905    03:43:44       1    172     42     45     45      9      0      0      0      0   2619   1980   9965   9966      0 
 20260905    03:43:49       0    405     56     56     65     32      0      0      0      0   2619   1980  29409  29410      0 
 20260905    03:43:49       1    155     42     44     25      5      0      0      0      0   2619   1980   9969   9970      0 
 20260905    03:43:54       0    194     53     53     47     19      0      0      0      0   2619   1980  17257  17258      0 
 20260905    03:43:54       1    143     41     44     27      5      0      0      0      0   2619   1980   9973   9974      0 
 20260905    03:43:59       0    499     57     59     93     52      0      0      0      0   2619   1980  28839  28840      0 
 20260905    03:43:59       1    174     42     44     43      9      0      0      0      0   2619   1980   9973   9974      0 
 20260905    03:44:04       0    496     59     60     92     52      0      0      0      0   2619   1980  28839  28840      0 
 20260905    03:44:04       1    174     42     44     32      6      0      0      0      0   2619   1980   9973   9974      0 
 20260905    03:44:09       0    478     58     59    100     47      0      0      0      0   2619   1980  28839  28840      0 
 20260905    03:44:09       1    172     42     44     45      9      0      0      0      0   2619   1980   9973   9974      0 
 20260905    03:44:14       0    231     55     54     46     19      0      0      0      0   2619   1980  17167  17168      0 
 20260905    03:44:14       1    163     42     45     45      9      0      0      0      0   2619   1980   9973   9974      0 
 20260905    03:44:19       0    497     58     59    100     47      0      0      0      0   2619   1980  28749  28750      0 
 20260905    03:44:19       1    171     42     45     44      9      0      0      0      0   2619   1980   9973   9974      0 
 20260905    03:44:24       0    489     59     61    100     51      0      0      0      0   2619   1980  28749  28750      0 
 20260905    03:44:24       1    171     42     44     45      9      0      0      0      0   2619   1980   9973   9974      0 
 20260905    03:44:29       0    487     61     61    100     48      0      0      0      0   2619   1980  28749  28750      0 
 20260905    03:44:29       1    171     42     44     45      9      0      0      0      0   2619   1980   9973   9974      0 
 20260905    03:44:34       0     79     49     51      0      0      0      0      0      0   2619    345      0      1      0 
 20260905    03:44:34       1    172     42     45     45      9      0      0      0      0   2619   1980  10125  10126      0 
 20260905    03:44:39       0     79     47     49      0      0      0      0      0      0   2619    345      0      1      0 
 20260905    03:44:39       1    174     42     44     45      9      0      0      0      0   2619   1980  10125  10126      0 
 20260905    03:44:44       0     78     46     48      0      0      0      0      0      0   2619    345      0      1      0 
 20260905    03:44:44       1    173     42     44     45      9      0      0      0      0   2619   1980  10125  10126      0 
 20260905    03:44:49       0     77     45     47      0      0      0      0      0      0   2619    345      0      1      0 
 20260905    03:44:49       1    173     42     44     45      9      0      0      0      0   2619   1980  10125  10126      0 
 20260905    03:44:54       0     77     45     47      0      0      0      0      0      0   2619    345      0      1      0 
 20260905    03:44:54       1    173     42     44     45      9      0      0      0      0   2619   1980  10125  10126      0 
 20260905    03:44:59       0     76     44     46      0      0      0      0      0      0   2619    345      0      1      0 
 20260905    03:44:59       1    174     42     44     45      9      0      0      0      0   2619   1980  10125  10126      0 
 20260905    03:45:04       0     77     44     45      0      0      0      0      0      0   2619    345      4      5      0 
 20260905    03:45:04       1    174     42     44     45      9      0      0      0      0   2619   1980  10125  10126      0 
 20260905    03:45:09       0    133     45     45      0      0      0      0      0      0   2619   1980      0      1      0 
 20260905    03:45:09       1    174     42     44     45      9      0      0      0      0   2619   1980  10125  10126      0 
#Date        Time         gpu    pwr  gtemp  mtemp     sm    mem    enc    dec    jpg    ofa   mclk   pclk     fb   bar1   ccpm 
#YYYYMMDD    HH:MM:SS     Idx      W      C      C      %      %      %      %      %      %    MHz    MHz     MB     MB     MB 
 20260905    03:45:14       0     76     43     45      0      0      0      0      0      0   2619    345      0      1      0 
 20260905    03:45:14       1    174     42     45     45      9      0      0      0      0   2619   1980  10125  10126      0 
 20260905    03:45:19       0     76     43     45      0      0      0      0      0      0   2619    345      0      1      0 
 20260905    03:45:19       1    170     42     44     45      9      0      0      0      0   2619   1980  10127  10128      0 
 20260905    03:45:24       0     76     43     45      0      0      0      0      0      0   2619    345      0      1      0 
 20260905    03:45:24       1    173     42     44     45      9      0      0      0      0   2619   1980  10127  10128      0 
 20260905    03:45:29       0     76     43     44      0      0      0      0      0      0   2619    345      0      1      0 
 20260905    03:45:29       1    193     42     45     45      9      0      0      0      0   2619   1980  10127  10128      0 
 20260905    03:45:34       0     76     43     45      0      0      0      0      0      0   2619    345      0      1      0 
 20260905    03:45:34       1    171     42     46     45      9      0      0      0      0   2619   1980  10127  10128      0 
 20260905    03:45:39       0     76     42     44      0      0      0      0      0      0   2619    345      0      1      0 
 20260905    03:45:39       1    175     42     44     44      9      0      0      0      0   2619   1980  10127  10128      0 
 20260905    03:45:44       0     76     42     44      0      0      0      0      0      0   2619    345      0      1      0 
 20260905    03:45:44       1    156     42     44     30      6      0      0      0      0   2619   1980  10127  10128      0 
 20260905    03:45:49       0     76     42     43      0      0      0      0      0      0   2619    345      0      1      0 
 20260905    03:45:49       1    171     42     45     44      9      0      0      0      0   2619   1980  10131  10132      0 
 20260905    03:45:54       0     76     42     44      0      0      0      0      0      0   2619    345      0      1      0 
 20260905    03:45:54       1    173     42     45     45      9      0      0      0      0   2619   1980  10131  10132      0 
 20260905    03:45:59       0     76     42     43      0      0      0      0      0      0   2619    345      0      1      0 
 20260905    03:45:59       1    176     42     46     45      9      0      0      0      0   2619   1980  10131  10132      0 
 20260905    03:46:04       0     76     42     43      0      0      0      0      0      0   2619    345      0      1      0 
 20260905    03:46:04       1    172     42     45     45      9      0      0      0      0   2619   1980  10131  10132      0 
 20260905    03:46:09       0     75     41     43      0      0      0      0      0      0   2619    345      0      1      0 
 20260905    03:46:09       1    187     42     45     44      9      0      0      0      0   2619   1980  10131  10132      0 
 20260905    03:46:14       0     75     41     43      0      0      0      0      0      0   2619    345      0      1      0 
 20260905    03:46:14       1    169     42     46     44      9      0      0      0      0   2619   1980  10131  10132      0 
 20260905    03:46:19       0     76     41     43      0      0      0      0      0      0   2619    345      0      1      0 
 20260905    03:46:19       1    173     42     44     45      9      0      0      0      0   2619   1980  10131  10132      0 
 20260905    03:46:24       0     76     41     43      0      0      0      0      0      0   2619    345      0      1      0 
 20260905    03:46:24       1    173     42     44     45      9      0      0      0      0   2619   1980  10131  10132      0 
 20260905    03:46:29       0     75     41     43      0      0      0      0      0      0   2619    345      0      1      0 
 20260905    03:46:29       1    171     42     45     45      9      0      0      0      0   2619   1980  10131  10132      0 
 20260905    03:46:34       0     75     41     43      0      0      0      0      0      0   2619    345      0      1      0 
 20260905    03:46:34       1    170     42     46     45      9      0      0      0      0   2619   1980  10131  10132      0 
 20260905    03:46:39       0     76     41     43      0      0      0      0      0      0   2619    345      0      1      0 
 20260905    03:46:39       1    172     42     45     45      9      0      0      0      0   2619   1980  10131  10132      0 
 20260905    03:46:44       0     75     41     43      0      0      0      0      0      0   2619    345      0      1      0 
 20260905    03:46:44       1    173     42     45     45      9      0      0      0      0   2619   1980  10131  10132      0 
 20260905    03:46:49       0     75     41     43      0      0      0      0      0      0   2619    345      0      1      0 
 20260905    03:46:49       1    174     42     46     45      9      0      0      0      0   2619   1980  10131  10132      0 
 20260905    03:46:54       0     76     41     43      0      0      0      0      0      0   2619    345      0      1      0 
 20260905    03:46:54       1    158     42     45     25      5      0      0      0      0   2619   1980  10135  10136      0 
 20260905    03:46:59       0     75     41     43      0      0      0      0      0      0   2619    345      0      1      0 
 20260905    03:46:59       1    159     42     44     30      6      0      0      0      0   2619   1980  10141  10142      0 
#Date        Time         gpu    pwr  gtemp  mtemp     sm    mem    enc    dec    jpg    ofa   mclk   pclk     fb   bar1   ccpm 
#YYYYMMDD    HH:MM:SS     Idx      W      C      C      %      %      %      %      %      %    MHz    MHz     MB     MB     MB 
 20260905    03:47:04       0     75     41     43      0      0      0      0      0      0   2619    345      0      1      0 
 20260905    03:47:04       1    158     42     45     25      5      0      0      0      0   2619   1980  10145  10146      0 
 20260905    03:47:09       0     76     41     43      0      0      0      0      0      0   2619    345      0      1      0 
 20260905    03:47:09       1    172     42     44     45      9      0      0      0      0   2619   1980  10149  10150      0 
 20260905    03:47:14       0     75     41     43      0      0      0      0      0      0   2619    345      0      1      0 
 20260905    03:47:14       1    173     42     45     45      9      0      0      0      0   2619   1980  10149  10150      0 
 20260905    03:47:19       0     75     41     43      0      0      0      0      0      0   2619    345      0      1      0 
 20260905    03:47:19       1    171     42     44     45      8      0      0      0      0   2619   1980  10149  10150      0 
 20260905    03:47:24       0     76     41     43      0      0      0      0      0      0   2619    345      0      1      0 
 20260905    03:47:24       1    172     42     45     45      9      0      0      0      0   2619   1980  10149  10150      0 
 20260905    03:47:29       0     75     41     43      0      0      0      0      0      0   2619    345      0      1      0 
 20260905    03:47:29       1    173     42     44     45      9      0      0      0      0   2619   1980  10149  10150      0 
 20260905    03:47:34       0     76     41     43      0      0      0      0      0      0   2619    345      0      1      0 
 20260905    03:47:34       1    172     42     44     45      9      0      0      0      0   2619   1980  10149  10150      0 
 20260905    03:47:39       0     75     41     43      0      0      0      0      0      0   2619    345      0      1      0 
 20260905    03:47:39       1    174     42     44     45      9      0      0      0      0   2619   1980  10149  10150      0 
 20260905    03:47:44       0     75     41     42      0      0      0      0      0      0   2619    345      0      1      0 
 20260905    03:47:44       1    199     43     46     45      9      0      0      0      0   2619   1980  10229  10230      0 
 20260905    03:47:49       0     75     41     43      0      0      0      0      0      0   2619    345      0      1      0 
 20260905    03:47:49       1    173     42     44     45      9      0      0      0      0   2619   1980  10229  10230      0 
 20260905    03:47:54       0     75     41     43      0      0      0      0      0      0   2619    345      0      1      0 
 20260905    03:47:54       1    175     42     46     45      9      0      0      0      0   2619   1980  10229  10230      0 
 20260905    03:47:59       0     76     41     43      0      0      0      0      0      0   2619    345      0      1      0 
 20260905    03:47:59       1    175     42     46     45      9      0      0      0      0   2619   1980  10229  10230      0 
 20260905    03:48:04       0     75     41     42      0      0      0      0      0      0   2619    345      0      1      0 
 20260905    03:48:04       1    173     42     45     45      9      0      0      0      0   2619   1980  10229  10230      0 
 20260905    03:48:09       0     75     41     43      0      0      0      0      0      0   2619    345      0      1      0 
 20260905    03:48:09       1    175     42     46     45      9      0      0      0      0   2619   1980  10229  10230      0 
 20260905    03:48:14       0     75     41     43      0      0      0      0      0      0   2619    345      0      1      0 
 20260905    03:48:14       1    174     42     46     45      9      0      0      0      0   2619   1980  10229  10230      0 
 20260905    03:48:19       0     75     41     43      0      0      0      0      0      0   2619    345      0      1      0 
 20260905    03:48:19       1    176     42     45     46      9      0      0      0      0   2619   1980  10229  10230      0 
 20260905    03:48:24       0     75     41     43      0      0      0      0      0      0   2619    345      0      1      0 
 20260905    03:48:24       1    173     42     45     45      9      0      0      0      0   2619   1980  10229  10230      0 
 20260905    03:48:29       0     75     41     42      0      0      0      0      0      0   2619    345      0      1      0 
 20260905    03:48:29       1    174     42     45     44      9      0      0      0      0   2619   1980  10229  10230      0 
 20260905    03:48:34       0     75     41     43      0      0      0      0      0      0   2619    345      0      1      0 
 20260905    03:48:34       1    174     42     45     45      9      0      0      0      0   2619   1980  10229  10230      0 
 20260905    03:48:39       0     75     41     43      0      0      0      0      0      0   2619    345      0      1      0 
 20260905    03:48:39       1    172     42     46     45      9      0      0      0      0   2619   1980  10229  10230      0 
 20260905    03:48:44       0     76     41     43      0      0      0      0      0      0   2619    345      0      1      0 
 20260905    03:48:44       1    173     42     45     45      9      0      0      0      0   2619   1980  10229  10230      0 
 20260905    03:48:49       0     75     41     43      0      0      0      0      0      0   2619    345      0      1      0 
 20260905    03:48:49       1    178     42     46     46      9      0      0      0      0   2619   1980  10229  10230      0 
#Date        Time         gpu    pwr  gtemp  mtemp     sm    mem    enc    dec    jpg    ofa   mclk   pclk     fb   bar1   ccpm 
#YYYYMMDD    HH:MM:SS     Idx      W      C      C      %      %      %      %      %      %    MHz    MHz     MB     MB     MB 
 20260905    03:48:54       0     75     41     42      0      0      0      0      0      0   2619    345      0      1      0 
 20260905    03:48:54       1    173     42     46     45      9      0      0      0      0   2619   1980  10229  10230      0 
 20260905    03:48:59       0     75     41     43      0      0      0      0      0      0   2619    345      0      1      0 
 20260905    03:48:59       1    174     42     46     45      9      0      0      0      0   2619   1980  10229  10230      0 
 20260905    03:49:04       0     75     41     43      0      0      0      0      0      0   2619    345      0      1      0 
 20260905    03:49:04       1    175     42     45     45      9      0      0      0      0   2619   1980  10229  10230      0 
 20260905    03:49:09       0     75     41     42      0      0      0      0      0      0   2619    345      0      1      0 
 20260905    03:49:09       1    173     42     44     45      9      0      0      0      0   2619   1980  10229  10230      0 
 20260905    03:49:14       0     76     41     43      0      0      0      0      0      0   2619    345      0      1      0 
 20260905    03:49:14       1    173     42     45     45      9      0      0      0      0   2619   1980  10229  10230      0 
 20260905    03:49:19       0     75     41     43      0      0      0      0      0      0   2619    345      0      1      0 
 20260905    03:49:19       1    177     42     46     45      9      0      0      0      0   2619   1980  10229  10230      0 
 20260905    03:49:24       0     75     41     43      0      0      0      0      0      0   2619    345      0      1      0 
 20260905    03:49:24       1    177     42     46     46      9      0      0      0      0   2619   1980  10229  10230      0 
 20260905    03:49:29       0     75     41     43      0      0      0      0      0      0   2619    345      0      1      0 
 20260905    03:49:29       1    174     42     46     45      9      0      0      0      0   2619   1980  10229  10230      0 
 20260905    03:49:34       0     75     41     43      0      0      0      0      0      0   2619    345      0      1      0 
 20260905    03:49:34       1    175     42     45     45      9      0      0      0      0   2619   1980  10229  10230      0 
 20260905    03:49:39       0     75     41     43      0      0      0      0      0      0   2619    345      0      1      0 
 20260905    03:49:39       1    177     42     45     45      9      0      0      0      0   2619   1980  10229  10230      0 
 20260905    03:49:44       0     76     41     43      0      0      0      0      0      0   2619    345      0      1      0 
 20260905    03:49:44       1     73     40     42      0      0      0      0      0      0   2619    345      0      1      0 
