== E2 chain start Sat Sep  5 03:41:17 UTC 2026 commit 1402cdb6953502cb652d86bca469137fc6f03e14
== [G0] minitest ok Sat Sep  5 03:42:40 UTC 2026
== [G1] base cache done Sat Sep  5 03:42:48 UTC 2026 sha 63e24d99c5c11f47
== [G1] DIRS READY Sat Sep  5 03:45:51 UTC 2026
{"arm": "C_masked_s0", "slot_norms": [0.47793328762054443, 0.28576403856277466, 0.25733044743537903, 0.23132312297821045, 0.221475750207901, 0.25429224967956543], "d_all_norm": 0.2502797245979309, "eta_ref": 11.24325180053711, "ref_raw_d_norm_p0_4": {"0": 0.47793328762054443, "1": 0.28576403856277466, "2": 0.25733044743537903, "3": 0.23132312297821045, "4": 0.221475750207901}, "max_abs_norm_diff_vs_ref": 0.0}
{"arm": "C_s1", "slot_norms": [6.284144401550293, 3.497516632080078, 2.4836509227752686, 2.172825813293457, 1.8080819845199585, 0.7702071070671082], "d_all_norm": 0.804850161075592, "eta_ref": 11.24325180053711, "ref_raw_d_norm_p0_4": {"0": 6.284144401550293, "1": 3.497516632080078, "2": 2.4836509227752686, "3": 2.172825813293457, "4": 1.8080819845199585}, "max_abs_norm_diff_vs_ref": 0.0}
== [G0] SMOKE C_s1 done Sat Sep  5 03:46:07 UTC 2026
RESULT C_s1 none a0: robust 185/200 raw 185/200 eos 200/200 cap 0/200 mean_len 168.5 pos_src {'position_ids': 0, 'counter': 0} prefill None 136.2s -> results/ablation_C_s1_none_a0.json
== [G0] minitest2 ok Sat Sep  5 03:47:26 UTC 2026
RESULT C_s1 own a1: robust 0/4 raw 0/4 eos 0/4 cap 4/4 mean_len 16.0 pos_src {'position_ids': 32, 'counter': 0} prefill {'T': 68, 'pos_min': 0, 'pos_max': 67, 'row0_first5': [0, 1, 2, 3, 4], 'row0_last': 67} 4.4s -> results/E2_minitest/ablation_C_s1_own_a1.json
== [G1] C_masked own+random done Sat Sep  5 04:04:39 UTC 2026
RESULT C_masked_s0 none a0: robust 186/200 raw 186/200 eos 200/200 cap 0/200 mean_len 168.3 pos_src {'position_ids': 0, 'counter': 0} prefill None 137.2s -> results/ablation_C_masked_s0_none_a0.json
RESULT C_masked_s0 own a1: robust 188/200 raw 188/200 eos 200/200 cap 0/200 mean_len 165.9 pos_src {'position_ids': 2434, 'counter': 0} prefill {'T': 114, 'pos_min': 0, 'pos_max': 113, 'row0_first5': [0, 0, 0, 0, 0], 'row0_last': 67} 111.1s -> results/ablation_C_masked_s0_own_a1.json
RESULT C_masked_s0 own a0.5: robust 188/200 raw 188/200 eos 200/200 cap 0/200 mean_len 167.1 pos_src {'position_ids': 2520, 'counter': 0} prefill {'T': 114, 'pos_min': 0, 'pos_max': 113, 'row0_first5': [0, 0, 0, 0, 0], 'row0_last': 67} 115.0s -> results/ablation_C_masked_s0_own_a0.5.json
RESULT C_masked_s0 own a2: robust 189/200 raw 189/200 eos 200/200 cap 0/200 mean_len 165.2 pos_src {'position_ids': 2469, 'counter': 0} prefill {'T': 114, 'pos_min': 0, 'pos_max': 113, 'row0_first5': [0, 0, 0, 0, 0], 'row0_last': 67} 113.0s -> results/ablation_C_masked_s0_own_a2.json
RESULT C_masked_s0 rand0 a1: robust 187/200 raw 187/200 eos 200/200 cap 0/200 mean_len 168.7 pos_src {'position_ids': 2522, 'counter': 0} prefill {'T': 114, 'pos_min': 0, 'pos_max': 113, 'row0_first5': [0, 0, 0, 0, 0], 'row0_last': 67} 114.6s -> results/ablation_C_masked_s0_rand0_a1.json
RESULT C_masked_s0 rand1 a1: robust 185/200 raw 185/200 eos 200/200 cap 0/200 mean_len 168.8 pos_src {'position_ids': 2517, 'counter': 0} prefill {'T': 114, 'pos_min': 0, 'pos_max': 113, 'row0_first5': [0, 0, 0, 0, 0], 'row0_last': 67} 115.0s -> results/ablation_C_masked_s0_rand1_a1.json
RESULT C_masked_s0 rand2 a1: robust 187/200 raw 187/200 eos 200/200 cap 0/200 mean_len 167.8 pos_src {'position_ids': 2537, 'counter': 0} prefill {'T': 114, 'pos_min': 0, 'pos_max': 113, 'row0_first5': [0, 0, 0, 0, 0], 'row0_last': 67} 116.3s -> results/ablation_C_masked_s0_rand2_a1.json
RESULT C_masked_s0 rand3 a1: robust 186/200 raw 186/200 eos 200/200 cap 0/200 mean_len 168.3 pos_src {'position_ids': 2522, 'counter': 0} prefill {'T': 114, 'pos_min': 0, 'pos_max': 113, 'row0_first5': [0, 0, 0, 0, 0], 'row0_last': 67} 115.0s -> results/ablation_C_masked_s0_rand3_a1.json
RESULT C_masked_s0 rand4 a1: robust 187/200 raw 187/200 eos 200/200 cap 0/200 mean_len 167.4 pos_src {'position_ids': 2530, 'counter': 0} prefill {'T': 114, 'pos_min': 0, 'pos_max': 113, 'row0_first5': [0, 0, 0, 0, 0], 'row0_last': 67} 116.6s -> results/ablation_C_masked_s0_rand4_a1.json
== [G0] C_s1 own+random done Sat Sep  5 04:06:19 UTC 2026
RESULT C_s1 own a1: robust 187/200 raw 187/200 eos 199/200 cap 1/200 mean_len 167.9 pos_src {'position_ids': 2546, 'counter': 0} prefill {'T': 114, 'pos_min': 0, 'pos_max': 113, 'row0_first5': [0, 0, 0, 0, 0], 'row0_last': 67} 144.1s -> results/ablation_C_s1_own_a1.json
RESULT C_s1 own a0.5: robust 186/200 raw 186/200 eos 200/200 cap 0/200 mean_len 170.1 pos_src {'position_ids': 2612, 'counter': 0} prefill {'T': 114, 'pos_min': 0, 'pos_max': 113, 'row0_first5': [0, 0, 0, 0, 0], 'row0_last': 67} 125.4s -> results/ablation_C_s1_own_a0.5.json
RESULT C_s1 own a2: robust 188/200 raw 188/200 eos 199/200 cap 1/200 mean_len 170.0 pos_src {'position_ids': 2632, 'counter': 0} prefill {'T': 114, 'pos_min': 0, 'pos_max': 113, 'row0_first5': [0, 0, 0, 0, 0], 'row0_last': 67} 127.4s -> results/ablation_C_s1_own_a2.json
RESULT C_s1 rand0 a1: robust 186/200 raw 186/200 eos 199/200 cap 1/200 mean_len 168.5 pos_src {'position_ids': 2602, 'counter': 0} prefill {'T': 114, 'pos_min': 0, 'pos_max': 113, 'row0_first5': [0, 0, 0, 0, 0], 'row0_last': 67} 125.9s -> results/ablation_C_s1_rand0_a1.json
RESULT C_s1 rand1 a1: robust 186/200 raw 186/200 eos 200/200 cap 0/200 mean_len 172.5 pos_src {'position_ids': 2658, 'counter': 0} prefill {'T': 114, 'pos_min': 0, 'pos_max': 113, 'row0_first5': [0, 0, 0, 0, 0], 'row0_last': 67} 128.1s -> results/ablation_C_s1_rand1_a1.json
RESULT C_s1 rand2 a1: robust 185/200 raw 185/200 eos 198/200 cap 2/200 mean_len 169.3 pos_src {'position_ids': 2798, 'counter': 0} prefill {'T': 114, 'pos_min': 0, 'pos_max': 113, 'row0_first5': [0, 0, 0, 0, 0], 'row0_last': 67} 134.5s -> results/ablation_C_s1_rand2_a1.json
RESULT C_s1 rand3 a1: robust 183/200 raw 183/200 eos 200/200 cap 0/200 mean_len 170.5 pos_src {'position_ids': 2431, 'counter': 0} prefill {'T': 114, 'pos_min': 0, 'pos_max': 113, 'row0_first5': [0, 0, 0, 0, 0], 'row0_last': 67} 119.3s -> results/ablation_C_s1_rand3_a1.json
RESULT C_s1 rand4 a1: robust 185/200 raw 185/200 eos 198/200 cap 2/200 mean_len 169.9 pos_src {'position_ids': 2825, 'counter': 0} prefill {'T': 114, 'pos_min': 0, 'pos_max': 113, 'row0_first5': [0, 0, 0, 0, 0], 'row0_last': 67} 139.7s -> results/ablation_C_s1_rand4_a1.json
== [G1] C_masked cross+pooled done Sat Sep  5 04:12:02 UTC 2026
RESULT C_masked_s0 crossC_s1 a1: robust 187/200 raw 187/200 eos 200/200 cap 0/200 mean_len 166.9 pos_src {'position_ids': 2458, 'counter': 0} prefill {'T': 114, 'pos_min': 0, 'pos_max': 113, 'row0_first5': [0, 0, 0, 0, 0], 'row0_last': 67} 131.0s -> results/ablation_C_masked_s0_crossC_s1_a1.json
RESULT C_masked_s0 pooled a1: robust 188/200 raw 188/200 eos 200/200 cap 0/200 mean_len 166.7 pos_src {'position_ids': 2456, 'counter': 0} prefill {'T': 114, 'pos_min': 0, 'pos_max': 113, 'row0_first5': [0, 0, 0, 0, 0], 'row0_last': 67} 129.7s -> results/ablation_C_masked_s0_pooled_a1.json
== [G0] C_s1 cross+pooled done Sat Sep  5 04:13:47 UTC 2026
RESULT C_s1 crossC_masked_s0 a1: robust 185/200 raw 185/200 eos 200/200 cap 0/200 mean_len 166.8 pos_src {'position_ids': 2438, 'counter': 0} prefill {'T': 114, 'pos_min': 0, 'pos_max': 113, 'row0_first5': [0, 0, 0, 0, 0], 'row0_last': 67} 131.7s -> results/ablation_C_s1_crossC_masked_s0_a1.json
RESULT C_s1 pooled a1: robust 188/200 raw 188/200 eos 200/200 cap 0/200 mean_len 168.1 pos_src {'position_ids': 2551, 'counter': 0} prefill {'T': 114, 'pos_min': 0, 'pos_max': 113, 'row0_first5': [0, 0, 0, 0, 0], 'row0_last': 67} 137.5s -> results/ablation_C_s1_pooled_a1.json
== [G0] DONE Sat Sep  5 04:13:47 UTC 2026
== [G1] base sanity done Sat Sep  5 04:17:15 UTC 2026
RESULT base dC_s1 a1: robust 153/200 raw 21/200 eos 33/200 cap 167/200 mean_len 459.0 pos_src {'position_ids': 4096, 'counter': 0} prefill {'T': 114, 'pos_min': 0, 'pos_max': 113, 'row0_first5': [0, 0, 0, 0, 0], 'row0_last': 67} 128.1s -> results/ablation_base_dC_s1_a1.json
RESULT base none a0: robust 155/200 raw 23/200 eos 27/200 cap 173/200 mean_len 470.2 pos_src {'position_ids': 0, 'counter': 0} prefill None 106.3s -> results/ablation_base_none_a0.json
== [G1] DONE Sat Sep  5 04:17:15 UTC 2026
# E2 — trace ablation table (fine-tuned model, L15, every position)

Δ = correct(ablated) − correct(own α=0 run), items / 200. Primary = stopping-robust parser; raw last-number parser beside it.
Slot rule: d_p at position p for p ≤ 4, pooled positions ≥ 5 elsewhere (`own`); `pooled` = one all-position mean everywhere (secondary);
`randK` = matched-norm Gaussian per slot, seed K; `crossX` = X's vector at X's norm; `dC_s1` on base = sanity.

## Smoke: α = 0 vs saved accuracy (tolerance ±2)

| arm | saved robust | saved raw | saved batch | E2 α=0 robust | E2 α=0 raw | E2 batch | within ±2 |
|---|---|---|---|---|---|---|---|
| C_s1 | 185/200 | 185/200 | 8 | 185/200 | 185/200 | 25 | yes |
| C_masked_s0 | 187/200 | 187/200 | 8 | 186/200 | 186/200 | 25 | yes |
| base | 158/200 | 28/200 | 25 | 155/200 | 23/200 | 25 | NO |

## Runs

| arm | direction | α | robust correct | Δ robust | raw correct | Δ raw | EOS rate | cap-hit rate | mean new tokens | position source | threshold / reading |
|---|---|---|---|---|---|---|---|---|---|---|---|
| C_masked_s0 | none | 0 | 186/200 | +0 | 186/200 | +0 | 1.000 | 0.000 | 168.3 | {'position_ids': 0, 'counter': 0} | reference |
| C_masked_s0 | crossC_s1 | 1 | 187/200 | +1 | 187/200 | +1 | 1.000 | 0.000 | 166.9 | {'position_ids': 2458, 'counter': 0} | descriptive |
| C_masked_s0 | own | 0.5 | 188/200 | +2 | 188/200 | +2 | 1.000 | 0.000 | 167.1 | {'position_ids': 2520, 'counter': 0} |  |
| C_masked_s0 | own | 1 | 188/200 | +2 | 188/200 | +2 | 1.000 | 0.000 | 165.9 | {'position_ids': 2434, 'counter': 0} | not load-bearing (Δ ≥ −3) |
| C_masked_s0 | own | 2 | 189/200 | +3 | 189/200 | +3 | 1.000 | 0.000 | 165.2 | {'position_ids': 2469, 'counter': 0} |  |
| C_masked_s0 | pooled | 1 | 188/200 | +2 | 188/200 | +2 | 1.000 | 0.000 | 166.7 | {'position_ids': 2456, 'counter': 0} | secondary |
| C_masked_s0 | rand0 | 1 | 187/200 | +1 | 187/200 | +1 | 1.000 | 0.000 | 168.7 | {'position_ids': 2522, 'counter': 0} | ok (Δ > −6) |
| C_masked_s0 | rand1 | 1 | 185/200 | -1 | 185/200 | -1 | 1.000 | 0.000 | 168.8 | {'position_ids': 2517, 'counter': 0} | ok (Δ > −6) |
| C_masked_s0 | rand2 | 1 | 187/200 | +1 | 187/200 | +1 | 1.000 | 0.000 | 167.8 | {'position_ids': 2537, 'counter': 0} | ok (Δ > −6) |
| C_masked_s0 | rand3 | 1 | 186/200 | +0 | 186/200 | +0 | 1.000 | 0.000 | 168.3 | {'position_ids': 2522, 'counter': 0} | ok (Δ > −6) |
| C_masked_s0 | rand4 | 1 | 187/200 | +1 | 187/200 | +1 | 1.000 | 0.000 | 167.4 | {'position_ids': 2530, 'counter': 0} | ok (Δ > −6) |
| C_s1 | none | 0 | 185/200 | +0 | 185/200 | +0 | 1.000 | 0.000 | 168.5 | {'position_ids': 0, 'counter': 0} | reference |
| C_s1 | crossC_masked_s0 | 1 | 185/200 | +0 | 185/200 | +0 | 1.000 | 0.000 | 166.8 | {'position_ids': 2438, 'counter': 0} | descriptive |
| C_s1 | own | 0.5 | 186/200 | +1 | 186/200 | +1 | 1.000 | 0.000 | 170.1 | {'position_ids': 2612, 'counter': 0} |  |
| C_s1 | own | 1 | 187/200 | +2 | 187/200 | +2 | 0.995 | 0.005 | 167.9 | {'position_ids': 2546, 'counter': 0} | not load-bearing (Δ ≥ −3) |
| C_s1 | own | 2 | 188/200 | +3 | 188/200 | +3 | 0.995 | 0.005 | 170.0 | {'position_ids': 2632, 'counter': 0} |  |
| C_s1 | pooled | 1 | 188/200 | +3 | 188/200 | +3 | 1.000 | 0.000 | 168.1 | {'position_ids': 2551, 'counter': 0} | secondary |
| C_s1 | rand0 | 1 | 186/200 | +1 | 186/200 | +1 | 0.995 | 0.005 | 168.5 | {'position_ids': 2602, 'counter': 0} | ok (Δ > −6) |
| C_s1 | rand1 | 1 | 186/200 | +1 | 186/200 | +1 | 1.000 | 0.000 | 172.5 | {'position_ids': 2658, 'counter': 0} | ok (Δ > −6) |
| C_s1 | rand2 | 1 | 185/200 | +0 | 185/200 | +0 | 0.990 | 0.010 | 169.3 | {'position_ids': 2798, 'counter': 0} | ok (Δ > −6) |
| C_s1 | rand3 | 1 | 183/200 | -2 | 183/200 | -2 | 1.000 | 0.000 | 170.5 | {'position_ids': 2431, 'counter': 0} | ok (Δ > −6) |
| C_s1 | rand4 | 1 | 185/200 | +0 | 185/200 | +0 | 0.990 | 0.010 | 169.9 | {'position_ids': 2825, 'counter': 0} | ok (Δ > −6) |
| base | none | 0 | 155/200 | +0 | 23/200 | +0 | 0.135 | 0.865 | 470.2 | {'position_ids': 0, 'counter': 0} | reference |
| base | dC_s1 | 1 | 153/200 | -2 | 21/200 | -2 | 0.165 | 0.835 | 459.0 | {'position_ids': 4096, 'counter': 0} | sanity ok (|Δ| ≤ 3) |

## Decision lines

- **C_s1**: not load-bearing (Δ ≥ −3) (worst random seed Δ = -2 > −6, control passes)
- **C_masked_s0**: not load-bearing (Δ ≥ −3) (worst random seed Δ = -1 > −6, control passes)
- **base sanity** (d_C_s1 subtracted from base, α=1): robust 153 vs base α=0 155 → Δ -2; ok

Direction norms per slot (p0..p4, pooled≥5) from the sidecars:
- C_s1: [6.284, 3.498, 2.484, 2.173, 1.808, 0.77]; all-position pooled 0.805; eta_ref 11.24; max |norm − tracked perposition norm| p0–4 = 0.0
- C_masked_s0: [0.478, 0.286, 0.257, 0.231, 0.221, 0.254]; all-position pooled 0.250; eta_ref 11.24; max |norm − tracked perposition norm| p0–4 = 0.0
== E2 CHAIN DONE Sat Sep  5 04:17:28 UTC 2026
