#Date        Time         gpu    pwr  gtemp  mtemp     sm    mem    enc    dec    jpg    ofa   mclk   pclk     fb   bar1   ccpm 
#YYYYMMDD    HH:MM:SS     Idx      W      C      C      %      %      %      %      %      %    MHz    MHz     MB     MB     MB 
 20260905    00:48:55       0     73     50     52      0      0      0      0      0      0   2619    345      0      1      0 
 20260905    00:48:55       1     70     30     34      0      0      0      0      0      0   2619    345      0      1      0 
 20260905    00:49:00       0     73     50     52      0      0      0      0      0      0   2619    345      4      5      0 
 20260905    00:49:00       1     70     30     34      0      0      0      0      0      0   2619    345      0      1      0 
 20260905    00:49:05       0     74     50     52      0      0      0      0      0      0   2619    345      4      5      0 
 20260905    00:49:05       1    117     31     34      0      0      0      0      0      0   2619   1980   8667   8668      0 
 20260905    00:49:10       0    129     52     52      0      0      0      0      0      0   2619   1980    527    528      0 
 20260905    00:49:10       1    480     42     44     76     39      0      0      0      0   2619   1980  11447  11448      0 
 20260905    00:49:15       0    129     52     52      0      0      0      0      0      0   2619   1980    527    528      0 
 20260905    00:49:15       1    361     42     44     76     39      0      0      0      0   2619   1980  11447  11448      0 
 20260905    00:49:20       0    163     55     56     69     34      0      0      0      0   2619   1980  10199  10200      0 
 20260905    00:49:20       1    119     36     38      0      0      0      0      0      0   2619   1980  11447  11448      0 
 20260905    00:49:25       0    184     53     54      0      0      0      0      0      0   2619   1980  15683  15684      0 
 20260905    00:49:25       1     71     33     36      0      0      0      0      0      0   2619    345      0      1      0 
 20260905    00:49:30       0    400     60     63     97     58      0      0      0      0   2619   1980  15705  15706      0 
 20260905    00:49:30       1     70     32     36      0      0      0      0      0      0   2619    345      0      1      0 
 20260905    00:49:35       0    224     56     57      0      0      0      0      0      0   2619   1980  15709  15710      0 
 20260905    00:49:35       1     70     32     36      0      0      0      0      0      0   2619    345      0      1      0 
 20260905    00:49:40       0    356     61     64     86     47      0      0      0      0   2619   1980  15711  15712      0 
 20260905    00:49:40       1     70     31     35      0      0      0      0      0      0   2619    345      0      1      0 
 20260905    00:49:45       0    326     62     64     70     59      0      0      0      0   2619   1980  15713  15714      0 
 20260905    00:49:45       1     70     31     35      0      0      0      0      0      0   2619    345      0      1      0 
 20260905    00:49:50       0    336     61     63     43     21      0      0      0      0   2619   1980  15713  15714      0 
 20260905    00:49:50       1     70     31     35      0      0      0      0      0      0   2619    345      0      1      0 
 20260905    00:49:55       0    391     64     68     94     56      0      0      0      0   2619   1980  15717  15718      0 
 20260905    00:49:55       1     70     31     34      0      0      0      0      0      0   2619    345      0      1      0 
 20260905    00:50:00       0    298     60     61      0      0      0      0      0      0   2619   1980  15717  15718      0 
 20260905    00:50:00       1     70     31     34      0      0      0      0      0      0   2619    345      0      1      0 
 20260905    00:50:05       0    330     64     66     70     32      0      0      0      0   2619   1980  15723  15724      0 
 20260905    00:50:05       1     70     30     34      0      0      0      0      0      0   2619    345      0      1      0 
 20260905    00:50:10       0    360     64     67     82     45      0      0      0      0   2619   1980  15725  15726      0 
 20260905    00:50:10       1     70     30     34      0      0      0      0      0      0   2619    345      0      1      0 
 20260905    00:50:15       0    371     64     66     81     44      0      0      0      0   2619   1980  15725  15726      0 
 20260905    00:50:15       1     70     30     34      0      0      0      0      0      0   2619    345      0      1      0 
 20260905    00:50:20       0    346     63     66     54     32      0      0      0      0   2619   1980  15727  15728      0 
 20260905    00:50:20       1     70     30     34      0      0      0      0      0      0   2619    345      0      1      0 
 20260905    00:50:25       0    360     63     65      0      0      0      0      0      0   2619   1980  15729  15730      0 
 20260905    00:50:25       1     70     30     34      0      0      0      0      0      0   2619    345      0      1      0 
 20260905    00:50:30       0    370     65     67     74     36      0      0      0      0   2619   1980  15731  15732      0 
 20260905    00:50:30       1     70     30     34      0      0      0      0      0      0   2619    345      0      1      0 
 20260905    00:50:35       0    376     65     68     44     22      0      0      0      0   2619   1980  15731  15732      0 
 20260905    00:50:35       1     70     30     34      0      0      0      0      0      0   2619    345      0      1      0 
 20260905    00:50:40       0    433     67     71    100     67      0      0      0      0   2619   1980  15731  15732      0 
 20260905    00:50:40       1     70     30     34      0      0      0      0      0      0   2619    345      0      1      0 
#Date        Time         gpu    pwr  gtemp  mtemp     sm    mem    enc    dec    jpg    ofa   mclk   pclk     fb   bar1   ccpm 
#YYYYMMDD    HH:MM:SS     Idx      W      C      C      %      %      %      %      %      %    MHz    MHz     MB     MB     MB 
 20260905    00:50:45       0    343     66     68     79     42      0      0      0      0   2619   1980  15733  15734      0 
 20260905    00:50:45       1     70     30     34      0      0      0      0      0      0   2619    345      0      1      0 
 20260905    00:50:50       0    376     67     72    100     63      0      0      0      0   2619   1980  15737  15738      0 
 20260905    00:50:50       1     70     30     34      0      0      0      0      0      0   2619    345      0      1      0 
 20260905    00:50:55       0    358     67     71     88     75      0      0      0      0   2619   1980  15737  15738      0 
 20260905    00:50:55       1     70     30     34      0      0      0      0      0      0   2619    345      0      1      0 
 20260905    00:51:00       0    350     65     66     45     19      0      0      0      0   2619   1980  15739  15740      0 
 20260905    00:51:00       1     70     30     34      0      0      0      0      0      0   2619    345      0      1      0 
 20260905    00:51:05       0    344     64     66     48     26      0      0      0      0   2619   1980  15739  15740      0 
 20260905    00:51:05       1     70     30     34      0      0      0      0      0      0   2619    345      0      1      0 
 20260905    00:51:10       0    382     67     70     83     45      0      0      0      0   2619   1980  15741  15742      0 
 20260905    00:51:10       1     70     30     34      0      0      0      0      0      0   2619    345      0      1      0 
 20260905    00:51:15       0    373     67     70     95     56      0      0      0      0   2619   1980  15743  15744      0 
 20260905    00:51:15       1     70     30     34      0      0      0      0      0      0   2619    345      0      1      0 
 20260905    00:51:20       0    414     67     72     94     55      0      0      0      0   2619   1980  15743  15744      0 
 20260905    00:51:20       1     70     30     34      0      0      0      0      0      0   2619    345      0      1      0 
 20260905    00:51:25       0    362     67     71     77     46      0      0      0      0   2619   1980  15747  15748      0 
 20260905    00:51:25       1     70     30     34      0      0      0      0      0      0   2619    345      0      1      0 
 20260905    00:51:30       0    326     65     67     43     20      0      0      0      0   2619   1980  15747  15748      0 
 20260905    00:51:30       1     70     30     34      0      0      0      0      0      0   2619    345      0      1      0 
 20260905    00:51:35       0    361     65     67     41     18      0      0      0      0   2619   1980  15747  15748      0 
 20260905    00:51:35       1     70     30     34      0      0      0      0      0      0   2619    345      0      1      0 
 20260905    00:51:40       0    371     66     68     28     13      0      0      0      0   2619   1980  15747  15748      0 
 20260905    00:51:40       1     70     30     34      0      0      0      0      0      0   2619    345      0      1      0 
 20260905    00:51:45       0    393     67     70     84     46      0      0      0      0   2619   1980  15749  15750      0 
 20260905    00:51:45       1     70     30     34      0      0      0      0      0      0   2619    345      0      1      0 
 20260905    00:51:50       0    378     66     69     83     45      0      0      0      0   2619   1980  15749  15750      0 
 20260905    00:51:50       1     70     30     34      0      0      0      0      0      0   2619    345      0      1      0 
 20260905    00:51:55       0    323     66     70     81     44      0      0      0      0   2619   1980  15751  15752      0 
 20260905    00:51:55       1     70     30     34      0      0      0      0      0      0   2619    345      0      1      0 
 20260905    00:52:00       0    367     68     71     84     47      0      0      0      0   2619   1980  15751  15752      0 
 20260905    00:52:00       1     70     30     34      0      0      0      0      0      0   2619    345      0      1      0 
 20260905    00:52:05       0    338     67     71     95     56      0      0      0      0   2619   1980  15753  15754      0 
 20260905    00:52:05       1     70     30     34      0      0      0      0      0      0   2619    345      0      1      0 
 20260905    00:52:10       0    362     66     70     85     46      0      0      0      0   2619   1980  15753  15754      0 
 20260905    00:52:10       1     70     30     34      0      0      0      0      0      0   2619    345      0      1      0 
 20260905    00:52:15       0    325     65     68     27     12      0      0      0      0   2619   1980  15753  15754      0 
 20260905    00:52:15       1     70     30     34      0      0      0      0      0      0   2619    345      0      1      0 
 20260905    00:52:20       0    314     63     65      0      0      0      0      0      0   2619   1980  15757  15758      0 
 20260905    00:52:20       1     70     30     34      0      0      0      0      0      0   2619    345      0      1      0 
 20260905    00:52:25       0    376     66     69     84     46      0      0      0      0   2619   1980  15757  15758      0 
 20260905    00:52:25       1     70     30     34      0      0      0      0      0      0   2619    345      0      1      0 
 20260905    00:52:30       0    348     67     70     84     46      0      0      0      0   2619   1980  15757  15758      0 
 20260905    00:52:30       1     70     30     34      0      0      0      0      0      0   2619    345      0      1      0 
#Date        Time         gpu    pwr  gtemp  mtemp     sm    mem    enc    dec    jpg    ofa   mclk   pclk     fb   bar1   ccpm 
#YYYYMMDD    HH:MM:SS     Idx      W      C      C      %      %      %      %      %      %    MHz    MHz     MB     MB     MB 
 20260905    00:52:35       0    338     66     70     44     37      0      0      0      0   2619   1980  15759  15760      0 
 20260905    00:52:35       1     70     30     34      0      0      0      0      0      0   2619    345      0      1      0 
 20260905    00:52:40       0    344     63     65      0      0      0      0      0      0   2619   1980  15759  15760      0 
 20260905    00:52:40       1     70     30     33      0      0      0      0      0      0   2619    345      0      1      0 
 20260905    00:52:45       0    416     68     72    100     63      0      0      0      0   2619   1980  15763  15764      0 
 20260905    00:52:45       1     70     30     34      0      0      0      0      0      0   2619    345      0      1      0 
 20260905    00:52:50       0    420     67     70     65     29      0      0      0      0   2619   1980  15767  15768      0 
 20260905    00:52:50       1     70     30     33      0      0      0      0      0      0   2619    345      0      1      0 
 20260905    00:52:55       0    364     66     69     73     35      0      0      0      0   2619   1980  15767  15768      0 
 20260905    00:52:55       1     70     30     34      0      0      0      0      0      0   2619    345      0      1      0 
 20260905    00:53:00       0    357     64     66     29     14      0      0      0      0   2619   1980  15767  15768      0 
 20260905    00:53:00       1     70     30     34      0      0      0      0      0      0   2619    345      0      1      0 
 20260905    00:53:05       0    378     66     68     46     27      0      0      0      0   2619   1980  15769  15770      0 
 20260905    00:53:05       1     70     30     33      0      0      0      0      0      0   2619    345      0      1      0 
 20260905    00:53:10       0    382     67     69     47     23      0      0      0      0   2619   1980  15771  15772      0 
 20260905    00:53:10       1     69     30     33      0      0      0      0      0      0   2619    345      0      1      0 
 20260905    00:53:15       0    449     68     73    100     72      0      0      0      0   2619   1980  15771  15772      0 
 20260905    00:53:15       1     70     30     34      0      0      0      0      0      0   2619    345      0      1      0 
 20260905    00:53:20       0    350     67     71     85     46      0      0      0      0   2619   1980  15773  15774      0 
 20260905    00:53:20       1     69     30     33      0      0      0      0      0      0   2619    345      0      1      0 
 20260905    00:53:25       0    408     68     73    100     67      0      0      0      0   2619   1980  15773  15774      0 
 20260905    00:53:25       1     70     30     33      0      0      0      0      0      0   2619    345      0      1      0 
 20260905    00:53:30       0    210     62     64      0      0      0      0      0      0   2619   1980  15773  15774      0 
 20260905    00:53:30       1     70     29     34      0      0      0      0      0      0   2619    345      0      1      0 
 20260905    00:53:35       0    371     67     69     79     62      0      0      0      0   2619   1980  15773  15774      0 
 20260905    00:53:35       1     70     29     33      0      0      0      0      0      0   2619    345      0      1      0 
 20260905    00:53:40       0    420     67     69     51     28      0      0      0      0   2619   1980  15773  15774      0 
 20260905    00:53:40       1     69     29     33      0      0      0      0      0      0   2619    345      0      1      0 
 20260905    00:53:45       0    395     68     72    100     64      0      0      0      0   2619   1980  15777  15778      0 
 20260905    00:53:45       1     70     29     33      0      0      0      0      0      0   2619    345      0      1      0 
 20260905    00:53:50       0    418     67     72     93     55      0      0      0      0   2619   1980  15777  15778      0 
 20260905    00:53:50       1     70     29     33      0      0      0      0      0      0   2619    345      0      1      0 
 20260905    00:53:55       0    423     67     71     93     55      0      0      0      0   2619   1980  15777  15778      0 
 20260905    00:53:55       1     70     29     33      0      0      0      0      0      0   2619    345      0      1      0 
 20260905    00:54:00       0    431     67     72    100     63      0      0      0      0   2619   1980  15777  15778      0 
 20260905    00:54:00       1     69     29     33      0      0      0      0      0      0   2619    345      0      1      0 
 20260905    00:54:05       0    294     65     68     82     44      0      0      0      0   2619   1980  15777  15778      0 
 20260905    00:54:05       1     69     29     33      0      0      0      0      0      0   2619    345      0      1      0 
 20260905    00:54:10       0    386     67     71     98     65      0      0      0      0   2619   1980  15777  15778      0 
 20260905    00:54:10       1     69     29     33      0      0      0      0      0      0   2619    345      0      1      0 
 20260905    00:54:15       0    415     66     68     53     32      0      0      0      0   2619   1980  15779  15780      0 
 20260905    00:54:15       1     70     29     33      0      0      0      0      0      0   2619    345      0      1      0 
 20260905    00:54:20       0    381     66     69     80     42      0      0      0      0   2619   1980  15779  15780      0 
 20260905    00:54:20       1     70     29     33      0      0      0      0      0      0   2619    345      0      1      0 
#Date        Time         gpu    pwr  gtemp  mtemp     sm    mem    enc    dec    jpg    ofa   mclk   pclk     fb   bar1   ccpm 
#YYYYMMDD    HH:MM:SS     Idx      W      C      C      %      %      %      %      %      %    MHz    MHz     MB     MB     MB 
 20260905    00:54:25       0    385     66     68     39     19      0      0      0      0   2619   1980  15779  15780      0 
 20260905    00:54:25       1     69     29     33      0      0      0      0      0      0   2619    345      0      1      0 
 20260905    00:54:30       0    327     65     67     65     29      0      0      0      0   2619   1980  15781  15782      0 
 20260905    00:54:30       1     69     29     33      0      0      0      0      0      0   2619    345      0      1      0 
 20260905    00:54:35       0    400     66     69     54     33      0      0      0      0   2619   1980  15781  15782      0 
 20260905    00:54:35       1     69     29     33      0      0      0      0      0      0   2619    345      0      1      0 
 20260905    00:54:40       0    137     60     62      9      1      0      0      0      0   2619   1980      0      1      0 
 20260905    00:54:40       1     69     29     33      0      0      0      0      0      0   2619    345      0      1      0 
 20260905    00:54:45       0     76     57     59      0      0      0      0      0      0   2619    345      0      1      0 
 20260905    00:54:45       1     70     29     33      0      0      0      0      0      0   2619    345      4      5      0 
 20260905    00:54:50       0    119     57     58     10      0      0      0      0      0   2619   1980   8553   8554      0 
 20260905    00:54:50       1     86     30     33     15      0      0      0      0      0   2619   1980   8549   8550      0 
 20260905    00:54:55       0    132     56     57      0      0      0      0      0      0   2619   1980  16697  16698      0 
 20260905    00:54:55       1    119     31     33     12      3      0      0      0      0   2619   1980   9567   9568      0 
 20260905    00:55:00       0    481     64     66    100     56      0      0      0      0   2619   1980  19949  19950      0 
 20260905    00:55:00       1    135     32     34     24      5      0      0      0      0   2619   1980   9939   9940      0 
 20260905    00:55:05       0    420     60     62      0      0      0      0      0      0   2619   1980  19949  19950      0 
 20260905    00:55:05       1    144     32     34     29      6      0      0      0      0   2619   1980   9945   9946      0 
 20260905    00:55:10       0    513     67     69     76     42      0      0      0      0   2619   1980  19949  19950      0 
 20260905    00:55:10       1    144     33     35     28      5      0      0      0      0   2619   1980   9951   9952      0 
 20260905    00:55:15       0    135     59     60      0      0      0      0      0      0   2619   1980  19949  19950      0 
 20260905    00:55:15       1    138     33     35     24      5      0      0      0      0   2619   1980   9955   9956      0 
 20260905    00:55:20       0     76     56     58      0      0      0      0      0      0   2619    345      0      1      0 
 20260905    00:55:20       1    145     33     36     27      5      0      0      0      0   2619   1980   9959   9960      0 
 20260905    00:55:25       0     75     54     57      0      0      0      0      0      0   2619    345      0      1      0 
 20260905    00:55:25       1    145     33     36     24      5      0      0      0      0   2619   1980   9965   9966      0 
 20260905    00:55:30       0     74     53     56      0      0      0      0      0      0   2619    345      4      5      0 
 20260905    00:55:30       1    162     34     37     44      9      0      0      0      0   2619   1980   9967   9968      0 
 20260905    00:55:35       0    130     54     54      0      0      0      0      0      0   2619   1980   9165   9166      0 
 20260905    00:55:35       1    155     34     38     43      8      0      0      0      0   2619   1980   9967   9968      0 
 20260905    00:55:40       0    132     53     55      0      0      0      0      0      0   2619   1980  10159  10160      0 
 20260905    00:55:40       1    158     34     37     43      9      0      0      0      0   2619   1980   9967   9968      0 
 20260905    00:55:45       0    136     53     54      0      0      0      0      0      0   2619   1980      0      1      0 
 20260905    00:55:45       1    132     34     36      0      0      0      0      0      0   2619   1980   9969   9970      0 
 20260905    00:55:50       0     74     50     52      0      0      0      0      0      0   2619    345      0      1      0 
 20260905    00:55:50       1    157     34     37     44      9      0      0      0      0   2619   1980   9971   9972      0 
 20260905    00:55:55       0     73     49     51      0      0      0      0      0      0   2619    345      0      1      0 
 20260905    00:55:55       1    161     35     38     44      9      0      0      0      0   2619   1980   9971   9972      0 
 20260905    00:56:00       0     73     48     50      0      0      0      0      0      0   2619    345      0      1      0 
 20260905    00:56:00       1    141     34     36      0      0      0      0      0      0   2619   1980   9973   9974      0 
 20260905    00:56:05       0     72     47     49      0      0      0      0      0      0   2619    345      0      1      0 
 20260905    00:56:05       1    164     35     38     44      9      0      0      0      0   2619   1980   9973   9974      0 
 20260905    00:56:10       0     72     46     48      0      0      0      0      0      0   2619    345      0      1      0 
 20260905    00:56:10       1    163     35     38     45      9      0      0      0      0   2619   1980   9973   9974      0 
#Date        Time         gpu    pwr  gtemp  mtemp     sm    mem    enc    dec    jpg    ofa   mclk   pclk     fb   bar1   ccpm 
#YYYYMMDD    HH:MM:SS     Idx      W      C      C      %      %      %      %      %      %    MHz    MHz     MB     MB     MB 
 20260905    00:56:15       0     72     45     48      0      0      0      0      0      0   2619    345      0      1      0 
 20260905    00:56:15       1    160     35     38     43      8      0      0      0      0   2619   1980   9973   9974      0 
 20260905    00:56:20       0     72     44     47      0      0      0      0      0      0   2619    345      0      1      0 
 20260905    00:56:20       1    162     35     38     44      9      0      0      0      0   2619   1980   9973   9974      0 
 20260905    00:56:25       0     72     44     47      0      0      0      0      0      0   2619    345      0      1      0 
 20260905    00:56:25       1    162     35     38     45      9      0      0      0      0   2619   1980   9973   9974      0 
 20260905    00:56:30       0     71     43     46      0      0      0      0      0      0   2619    345      0      1      0 
 20260905    00:56:30       1    163     35     38     44      9      0      0      0      0   2619   1980  10125  10126      0 
 20260905    00:56:35       0     71     43     45      0      0      0      0      0      0   2619    345      0      1      0 
 20260905    00:56:35       1    167     35     38     45      9      0      0      0      0   2619   1980  10125  10126      0 
 20260905    00:56:40       0     71     42     44      0      0      0      0      0      0   2619    345      0      1      0 
 20260905    00:56:40       1    164     35     38     44      9      0      0      0      0   2619   1980  10125  10126      0 
 20260905    00:56:45       0     71     42     44      0      0      0      0      0      0   2619    345      0      1      0 
 20260905    00:56:45       1    162     35     38     44      9      0      0      0      0   2619   1980  10125  10126      0 
 20260905    00:56:50       0     71     41     44      0      0      0      0      0      0   2619    345      0      1      0 
 20260905    00:56:50       1    178     36     38     43      8      0      0      0      0   2619   1980  10125  10126      0 
 20260905    00:56:55       0     71     41     43      0      0      0      0      0      0   2619    345      0      1      0 
 20260905    00:56:55       1    160     36     38     43      9      0      0      0      0   2619   1980  10125  10126      0 
 20260905    00:57:00       0     71     41     43      0      0      0      0      0      0   2619    345      0      1      0 
 20260905    00:57:00       1    162     36     38     44      9      0      0      0      0   2619   1980  10125  10126      0 
 20260905    00:57:05       0     71     40     42      0      0      0      0      0      0   2619    345      0      1      0 
 20260905    00:57:05       1    153     36     38     44      9      0      0      0      0   2619   1980  10125  10126      0 
 20260905    00:57:10       0     71     40     43      0      0      0      0      0      0   2619    345      0      1      0 
 20260905    00:57:10       1    146     35     38     28      6      0      0      0      0   2619   1980  10131  10132      0 
 20260905    00:57:15       0     71     40     42      0      0      0      0      0      0   2619    345      0      1      0 
 20260905    00:57:15       1    149     35     38     25      5      0      0      0      0   2619   1980  10133  10134      0 
 20260905    00:57:20       0     71     39     42      0      0      0      0      0      0   2619    345      0      1      0 
 20260905    00:57:20       1    165     35     38     44      8      0      0      0      0   2619   1980  10137  10138      0 
 20260905    00:57:25       0     70     39     42      0      0      0      0      0      0   2619    345      0      1      0 
 20260905    00:57:25       1    165     36     38     44      9      0      0      0      0   2619   1980  10137  10138      0 
 20260905    00:57:30       0     70     39     41      0      0      0      0      0      0   2619    345      0      1      0 
 20260905    00:57:30       1    166     36     38     44      9      0      0      0      0   2619   1980  10137  10138      0 
 20260905    00:57:35       0     70     39     41      0      0      0      0      0      0   2619    345      0      1      0 
 20260905    00:57:35       1    163     36     38     44      9      0      0      0      0   2619   1980  10137  10138      0 
 20260905    00:57:40       0     70     38     40      0      0      0      0      0      0   2619    345      0      1      0 
 20260905    00:57:40       1    180     36     39     44      9      0      0      0      0   2619   1980  10137  10138      0 
 20260905    00:57:45       0     70     38     40      0      0      0      0      0      0   2619    345      0      1      0 
 20260905    00:57:45       1    163     36     38     42      8      0      0      0      0   2619   1980  10137  10138      0 
 20260905    00:57:50       0     70     38     40      0      0      0      0      0      0   2619    345      0      1      0 
 20260905    00:57:50       1    162     36     39     44      9      0      0      0      0   2619   1980  10137  10138      0 
 20260905    00:57:55       0     70     38     40      0      0      0      0      0      0   2619    345      0      1      0 
 20260905    00:57:55       1    162     36     38     44      8      0      0      0      0   2619   1980  10137  10138      0 
 20260905    00:58:00       0     70     38     40      0      0      0      0      0      0   2619    345      0      1      0 
 20260905    00:58:00       1    164     36     38     44      9      0      0      0      0   2619   1980  10137  10138      0 
#Date        Time         gpu    pwr  gtemp  mtemp     sm    mem    enc    dec    jpg    ofa   mclk   pclk     fb   bar1   ccpm 
#YYYYMMDD    HH:MM:SS     Idx      W      C      C      %      %      %      %      %      %    MHz    MHz     MB     MB     MB 
 20260905    00:58:05       0     70     38     40      0      0      0      0      0      0   2619    345      0      1      0 
 20260905    00:58:05       1    156     36     38     43      9      0      0      0      0   2619   1980  10137  10138      0 
 20260905    00:58:10       0     70     37     40      0      0      0      0      0      0   2619    345      0      1      0 
 20260905    00:58:10       1    164     36     38     44      9      0      0      0      0   2619   1980  10137  10138      0 
 20260905    00:58:15       0     70     37     40      0      0      0      0      0      0   2619    345      0      1      0 
 20260905    00:58:15       1    160     36     38     44      9      0      0      0      0   2619   1980  10137  10138      0 
 20260905    00:58:20       0     70     38     40      0      0      0      0      0      0   2619    345      0      1      0 
 20260905    00:58:20       1    163     36     38     44      8      0      0      0      0   2619   1980  10137  10138      0 
 20260905    00:58:25       0     70     38     40      0      0      0      0      0      0   2619    345      0      1      0 
 20260905    00:58:25       1    171     36     38     44      9      0      0      0      0   2619   1980  10137  10138      0 
 20260905    00:58:30       0     70     38     40      0      0      0      0      0      0   2619    345      0      1      0 
 20260905    00:58:30       1    167     36     40     44      9      0      0      0      0   2619   1980  10137  10138      0 
 20260905    00:58:35       0     70     38     41      0      0      0      0      0      0   2619    345      0      1      0 
 20260905    00:58:35       1    164     36     39     44      9      0      0      0      0   2619   1980  10137  10138      0 
 20260905    00:58:40       0     70     38     40      0      0      0      0      0      0   2619    345      0      1      0 
 20260905    00:58:40       1    166     36     38     44      9      0      0      0      0   2619   1980  10137  10138      0 
 20260905    00:58:45       0     70     38     40      0      0      0      0      0      0   2619    345      0      1      0 
 20260905    00:58:45       1    162     36     39     44      9      0      0      0      0   2619   1980  10137  10138      0 
 20260905    00:58:50       0     70     38     41      0      0      0      0      0      0   2619    345      0      1      0 
 20260905    00:58:50       1    163     36     39     44      9      0      0      0      0   2619   1980  10137  10138      0 
 20260905    00:58:55       0     70     38     41      0      0      0      0      0      0   2619    345      0      1      0 
 20260905    00:58:55       1    153     36     38     44      9      0      0      0      0   2619   1980  10137  10138      0 
 20260905    00:59:00       0     70     38     40      0      0      0      0      0      0   2619    345      0      1      0 
 20260905    00:59:00       1    163     36     38     44      9      0      0      0      0   2619   1980  10137  10138      0 
 20260905    00:59:05       0     70     38     40      0      0      0      0      0      0   2619    345      0      1      0 
 20260905    00:59:05       1    164     36     38     44      9      0      0      0      0   2619   1980  10137  10138      0 
 20260905    00:59:10       0     70     38     41      0      0      0      0      0      0   2619    345      0      1      0 
 20260905    00:59:10       1    161     36     39     44      9      0      0      0      0   2619   1980  10137  10138      0 
 20260905    00:59:15       0     70     38     40      0      0      0      0      0      0   2619    345      0      1      0 
 20260905    00:59:15       1    164     36     38     44      9      0      0      0      0   2619   1980  10137  10138      0 
 20260905    00:59:20       0     70     38     40      0      0      0      0      0      0   2619    345      0      1      0 
 20260905    00:59:20       1    165     36     38     44      9      0      0      0      0   2619   1980  10137  10138      0 
 20260905    00:59:25       0     70     38     40      0      0      0      0      0      0   2619    345      0      1      0 
 20260905    00:59:25       1    163     36     38     44      9      0      0      0      0   2619   1980  10137  10138      0 
 20260905    00:59:30       0     70     37     40      0      0      0      0      0      0   2619    345      0      1      0 
 20260905    00:59:30       1    162     36     39     44      9      0      0      0      0   2619   1980  10137  10138      0 
 20260905    00:59:35       0     70     37     40      0      0      0      0      0      0   2619    345      0      1      0 
 20260905    00:59:35       1    166     36     38     44      8      0      0      0      0   2619   1980  10217  10218      0 
 20260905    00:59:40       0     70     37     40      0      0      0      0      0      0   2619    345      0      1      0 
 20260905    00:59:40       1    165     36     38     45      9      0      0      0      0   2619   1980  10217  10218      0 
 20260905    00:59:45       0     70     37     40      0      0      0      0      0      0   2619    345      0      1      0 
 20260905    00:59:45       1    166     36     38     45      9      0      0      0      0   2619   1980  10217  10218      0 
 20260905    00:59:50       0     70     37     39      0      0      0      0      0      0   2619    345      0      1      0 
 20260905    00:59:50       1    161     36     38     44      8      0      0      0      0   2619   1980  10217  10218      0 
#Date        Time         gpu    pwr  gtemp  mtemp     sm    mem    enc    dec    jpg    ofa   mclk   pclk     fb   bar1   ccpm 
#YYYYMMDD    HH:MM:SS     Idx      W      C      C      %      %      %      %      %      %    MHz    MHz     MB     MB     MB 
 20260905    00:59:55       0     70     37     39      0      0      0      0      0      0   2619    345      0      1      0 
 20260905    00:59:55       1    167     36     39     44      9      0      0      0      0   2619   1980  10217  10218      0 
 20260905    01:00:00       0     70     37     39      0      0      0      0      0      0   2619    345      0      1      0 
 20260905    01:00:00       1    166     36     39     44      9      0      0      0      0   2619   1980  10217  10218      0 
 20260905    01:00:05       0     81     38     39      0      0      0      0      0      0   2619   1980    531    532      0 
 20260905    01:00:05       1    189     36     39     44      9      0      0      0      0   2619   1980  10217  10218      0 
 20260905    01:00:10       0     83     37     39      0      0      0      0      0      0   2619    345      0      1      0 
 20260905    01:00:10       1    166     36     38     45      9      0      0      0      0   2619   1980  10217  10218      0 
 20260905    01:00:15       0     70     37     39      0      0      0      0      0      0   2619    345      0      1      0 
 20260905    01:00:15       1    167     36     38     44      9      0      0      0      0   2619   1980  10217  10218      0 
 20260905    01:00:20       0     70     37     38      0      0      0      0      0      0   2619    345      0      1      0 
 20260905    01:00:20       1    161     36     39     44      9      0      0      0      0   2619   1980  10217  10218      0 
 20260905    01:00:25       0     70     36     39      0      0      0      0      0      0   2619    345      0      1      0 
 20260905    01:00:25       1    166     36     38     44      9      0      0      0      0   2619   1980  10217  10218      0 
 20260905    01:00:30       0     70     36     38      0      0      0      0      0      0   2619    345      0      1      0 
 20260905    01:00:30       1    166     36     39     45      9      0      0      0      0   2619   1980  10217  10218      0 
 20260905    01:00:35       0     70     36     38      0      0      0      0      0      0   2619    345      0      1      0 
 20260905    01:00:35       1    162     36     39     43      8      0      0      0      0   2619   1980  10217  10218      0 
 20260905    01:00:40       0     70     36     39      0      0      0      0      0      0   2619    345      0      1      0 
 20260905    01:00:40       1    166     36     39     44      9      0      0      0      0   2619   1980  10217  10218      0 
 20260905    01:00:45       0     70     36     38      0      0      0      0      0      0   2619    345      0      1      0 
 20260905    01:00:45       1    166     36     39     45      9      0      0      0      0   2619   1980  10217  10218      0 
 20260905    01:00:50       0     70     36     38      0      0      0      0      0      0   2619    345      0      1      0 
 20260905    01:00:50       1    163     36     39     44      9      0      0      0      0   2619   1980  10217  10218      0 
 20260905    01:00:55       0     70     36     38      0      0      0      0      0      0   2619    345      0      1      0 
 20260905    01:00:55       1    164     36     39     44      9      0      0      0      0   2619   1980  10217  10218      0 
 20260905    01:01:00       0     70     36     38      0      0      0      0      0      0   2619    345      0      1      0 
 20260905    01:01:00       1    167     36     39     44      9      0      0      0      0   2619   1980  10217  10218      0 
 20260905    01:01:05       0     70     36     38      0      0      0      0      0      0   2619    345      0      1      0 
 20260905    01:01:05       1    164     36     39     44      9      0      0      0      0   2619   1980  10217  10218      0 
 20260905    01:01:10       0     70     36     38      0      0      0      0      0      0   2619    345      0      1      0 
 20260905    01:01:10       1    162     36     39     44      9      0      0      0      0   2619   1980  10217  10218      0 
 20260905    01:01:15       0     70     36     38      0      0      0      0      0      0   2619    345      0      1      0 
 20260905    01:01:15       1    165     36     39     44      9      0      0      0      0   2619   1980  10217  10218      0 
 20260905    01:01:20       0     70     36     38      0      0      0      0      0      0   2619    345      0      1      0 
 20260905    01:01:20       1    166     36     39     45      9      0      0      0      0   2619   1980  10217  10218      0 
