== tail start Fri Sep  4 22:23:35 UTC 2026 commit ce2510cdd9e5bc7fdd2df9c84a5a37cacda3711b
HEADLINE  C_s1 . C_s0 cosines (L15):
  neutral  p1  cos=0.9828   ||d_C_s1||=3.498 ||d_C_s0||=3.488
  neutral  p2  cos=0.9724   ||d_C_s1||=2.484 ||d_C_s0||=2.434
  math     p1  cos=0.9690   ||d_C_s1||=5.204 ||d_C_s0||=5.380
  math     p2  cos=0.9835   ||d_C_s1||=5.141 ||d_C_s0||=5.251
  C_s1.A_s0 neutral  p1 cos=0.5042
  C_s1.A_s0 neutral  p2 cos=0.4165
  C_s1.A_s0 math     p1 cos=0.2799
  C_s1.A_s0 math     p2 cos=0.5432
  C_s1.A_s1 neutral  p1 cos=0.4806
  C_s1.A_s1 neutral  p2 cos=0.4098
  C_s1.A_s1 math     p1 cos=0.3015
  C_s1.A_s1 math     p2 cos=0.5687
  C_s0.A_s0 neutral  p1 cos=0.5049
  C_s0.A_s0 neutral  p2 cos=0.4205
  C_s0.A_s0 math     p1 cos=0.3178
  C_s0.A_s0 math     p2 cos=0.5740
  C_s0.A_s1 neutral  p1 cos=0.4835
  C_s0.A_s1 neutral  p2 cos=0.4033
  C_s0.A_s1 math     p1 cos=0.3341
  C_s0.A_s1 math     p2 cos=0.5809
  A_s0.A_s1 neutral  p1 cos=0.6762
  A_s0.A_s1 neutral  p2 cos=0.6293
  A_s0.A_s1 math     p1 cos=0.6223
  A_s0.A_s1 math     p2 cos=0.7878
trace ratios ||d_C||/||d_A|| neutral p1: {('C_s0', 'A_s0'): 16.63, ('C_s0', 'A_s1'): 22.57, ('C_s1', 'A_s0'): 16.68, ('C_s1', 'A_s1'): 22.63}
wrote results/perposition_table_C_seeds_cosine.csv results/trace_ratio_C_A_seeds.csv results/perposition_table_C_seeds.csv results/perposition_table_C_seeds.meta.json
== COSINE READY Fri Sep  4 22:23:35 UTC 2026
== patchscope done Fri Sep  4 22:23:55 UTC 2026
# Held-out accuracy: arm C seed 1 vs C seed 0 and A seed 0

Same 200 GSM8K test items (set sha 49b3a3f8…), greedy, cap 512, both parsers. Generated 2026-09-04T22:28:56.613459+00:00.

| parser | arm | seed | step | correct | acc |
|---|---|---|---|---|---|
| raw_last_number | C_s1 | 1 | 225 | 185/200 | 0.925 |
| raw_last_number | C_s0 | 0 | 225 | 186/200 | 0.930 |
| raw_last_number | A_s0 | 0 | 150 | 188/200 | 0.940 |
| rescored | C_s1 | 1 | 225 | 185/200 | 0.925 |
| rescored | C_s0 | 0 | 225 | 186/200 | 0.930 |
| rescored | A_s0 | 0 | 150 | 188/200 | 0.940 |

| parser | x | y | acc x | acc y | both | x only | y only | neither | McNemar exact p |
|---|---|---|---|---|---|---|---|---|---|
| raw_last_number | C_s1 | C_s0 | 0.925 | 0.930 | 183 | 2 | 3 | 12 | 1.000 |
| raw_last_number | C_s1 | A_s0 | 0.925 | 0.940 | 182 | 3 | 6 | 9 | 0.508 |
| rescored | C_s1 | C_s0 | 0.925 | 0.930 | 183 | 2 | 3 | 12 | 1.000 |
| rescored | C_s1 | A_s0 | 0.925 | 0.940 | 182 | 3 | 6 | 9 | 0.508 |
wrote results/acc_table_C_s1.md
== CHAIN DONE Fri Sep  4 22:28:56 UTC 2026
